Archive member included to satisfy reference by file (symbol)

D:/ARMGNU~1/14EFD8~1.2RE/bin/../lib/gcc/arm-none-eabi/14.2.1/thumb/v7e-m+fp/hard\libc_nano.a(libc_a-exit.o)
                              D:/ARMGNU~1/14EFD8~1.2RE/bin/../lib/gcc/arm-none-eabi/14.2.1/thumb/v7e-m+fp/hard/crt0.o (exit)
D:/ARMGNU~1/14EFD8~1.2RE/bin/../lib/gcc/arm-none-eabi/14.2.1/thumb/v7e-m+fp/hard\libc_nano.a(libc_a-findfp.o)
                              D:/ARMGNU~1/14EFD8~1.2RE/bin/../lib/gcc/arm-none-eabi/14.2.1/thumb/v7e-m+fp/hard\libc_nano.a(libc_a-exit.o) (__stdio_exit_handler)
D:/ARMGNU~1/14EFD8~1.2RE/bin/../lib/gcc/arm-none-eabi/14.2.1/thumb/v7e-m+fp/hard\libc_nano.a(libc_a-fwalk.o)
                              D:/ARMGNU~1/14EFD8~1.2RE/bin/../lib/gcc/arm-none-eabi/14.2.1/thumb/v7e-m+fp/hard\libc_nano.a(libc_a-findfp.o) (_fwalk_sglue)
D:/ARMGNU~1/14EFD8~1.2RE/bin/../lib/gcc/arm-none-eabi/14.2.1/thumb/v7e-m+fp/hard\libc_nano.a(libc_a-stdio.o)
                              D:/ARMGNU~1/14EFD8~1.2RE/bin/../lib/gcc/arm-none-eabi/14.2.1/thumb/v7e-m+fp/hard\libc_nano.a(libc_a-findfp.o) (__sread)
D:/ARMGNU~1/14EFD8~1.2RE/bin/../lib/gcc/arm-none-eabi/14.2.1/thumb/v7e-m+fp/hard\libc_nano.a(libc_a-memset.o)
                              D:/ARMGNU~1/14EFD8~1.2RE/bin/../lib/gcc/arm-none-eabi/14.2.1/thumb/v7e-m+fp/hard/crt0.o (memset)
D:/ARMGNU~1/14EFD8~1.2RE/bin/../lib/gcc/arm-none-eabi/14.2.1/thumb/v7e-m+fp/hard\libc_nano.a(libc_a-closer.o)
                              D:/ARMGNU~1/14EFD8~1.2RE/bin/../lib/gcc/arm-none-eabi/14.2.1/thumb/v7e-m+fp/hard\libc_nano.a(libc_a-stdio.o) (_close_r)
D:/ARMGNU~1/14EFD8~1.2RE/bin/../lib/gcc/arm-none-eabi/14.2.1/thumb/v7e-m+fp/hard\libc_nano.a(libc_a-reent.o)
                              D:/ARMGNU~1/14EFD8~1.2RE/bin/../lib/gcc/arm-none-eabi/14.2.1/thumb/v7e-m+fp/hard\libc_nano.a(libc_a-closer.o) (errno)
D:/ARMGNU~1/14EFD8~1.2RE/bin/../lib/gcc/arm-none-eabi/14.2.1/thumb/v7e-m+fp/hard\libc_nano.a(libc_a-impure.o)
                              D:/ARMGNU~1/14EFD8~1.2RE/bin/../lib/gcc/arm-none-eabi/14.2.1/thumb/v7e-m+fp/hard\libc_nano.a(libc_a-reent.o) (_impure_ptr)
D:/ARMGNU~1/14EFD8~1.2RE/bin/../lib/gcc/arm-none-eabi/14.2.1/thumb/v7e-m+fp/hard\libc_nano.a(libc_a-lseekr.o)
                              D:/ARMGNU~1/14EFD8~1.2RE/bin/../lib/gcc/arm-none-eabi/14.2.1/thumb/v7e-m+fp/hard\libc_nano.a(libc_a-stdio.o) (_lseek_r)
D:/ARMGNU~1/14EFD8~1.2RE/bin/../lib/gcc/arm-none-eabi/14.2.1/thumb/v7e-m+fp/hard\libc_nano.a(libc_a-readr.o)
                              D:/ARMGNU~1/14EFD8~1.2RE/bin/../lib/gcc/arm-none-eabi/14.2.1/thumb/v7e-m+fp/hard\libc_nano.a(libc_a-stdio.o) (_read_r)
D:/ARMGNU~1/14EFD8~1.2RE/bin/../lib/gcc/arm-none-eabi/14.2.1/thumb/v7e-m+fp/hard\libc_nano.a(libc_a-writer.o)
                              D:/ARMGNU~1/14EFD8~1.2RE/bin/../lib/gcc/arm-none-eabi/14.2.1/thumb/v7e-m+fp/hard\libc_nano.a(libc_a-stdio.o) (_write_r)
D:/ARMGNU~1/14EFD8~1.2RE/bin/../lib/gcc/arm-none-eabi/14.2.1/thumb/v7e-m+fp/hard\libc_nano.a(libc_a-init.o)
                              D:/ARMGNU~1/14EFD8~1.2RE/bin/../lib/gcc/arm-none-eabi/14.2.1/thumb/v7e-m+fp/hard/crt0.o (__libc_init_array)
D:/ARMGNU~1/14EFD8~1.2RE/bin/../lib/gcc/arm-none-eabi/14.2.1/thumb/v7e-m+fp/hard\libc_nano.a(libc_a-lock.o)
                              D:/ARMGNU~1/14EFD8~1.2RE/bin/../lib/gcc/arm-none-eabi/14.2.1/thumb/v7e-m+fp/hard\libc_nano.a(libc_a-findfp.o) (__retarget_lock_init_recursive)
D:/ARMGNU~1/14EFD8~1.2RE/bin/../lib/gcc/arm-none-eabi/14.2.1/thumb/v7e-m+fp/hard\libc_nano.a(libc_a-freer.o)
                              D:/ARMGNU~1/14EFD8~1.2RE/bin/../lib/gcc/arm-none-eabi/14.2.1/thumb/v7e-m+fp/hard\libc_nano.a(libc_a-reent.o) (_free_r)
D:/ARMGNU~1/14EFD8~1.2RE/bin/../lib/gcc/arm-none-eabi/14.2.1/thumb/v7e-m+fp/hard\libc_nano.a(libc_a-mallocr.o)
                              D:/ARMGNU~1/14EFD8~1.2RE/bin/../lib/gcc/arm-none-eabi/14.2.1/thumb/v7e-m+fp/hard\libc_nano.a(libc_a-findfp.o) (_malloc_r)
D:/ARMGNU~1/14EFD8~1.2RE/bin/../lib/gcc/arm-none-eabi/14.2.1/thumb/v7e-m+fp/hard\libc_nano.a(libc_a-mlock.o)
                              D:/ARMGNU~1/14EFD8~1.2RE/bin/../lib/gcc/arm-none-eabi/14.2.1/thumb/v7e-m+fp/hard\libc_nano.a(libc_a-freer.o) (__malloc_lock)
D:/ARMGNU~1/14EFD8~1.2RE/bin/../lib/gcc/arm-none-eabi/14.2.1/thumb/v7e-m+fp/hard\libc_nano.a(libc_a-fflush.o)
                              D:/ARMGNU~1/14EFD8~1.2RE/bin/../lib/gcc/arm-none-eabi/14.2.1/thumb/v7e-m+fp/hard\libc_nano.a(libc_a-findfp.o) (_fflush_r)
D:/ARMGNU~1/14EFD8~1.2RE/bin/../lib/gcc/arm-none-eabi/14.2.1/thumb/v7e-m+fp/hard\libc_nano.a(libc_a-sbrkr.o)
                              D:/ARMGNU~1/14EFD8~1.2RE/bin/../lib/gcc/arm-none-eabi/14.2.1/thumb/v7e-m+fp/hard\libc_nano.a(libc_a-mallocr.o) (_sbrk_r)
D:/ARMGNU~1/14EFD8~1.2RE/bin/../lib/gcc/arm-none-eabi/14.2.1/thumb/v7e-m+fp/hard\libgcc.a(_arm_muldf3.o)
                              CMakeFiles/Flow_Control_System.dir/Hardware_Drivers/src/ips_160.c.obj (__aeabi_dmul)
[...]
Memory Configuration

Name             Origin             Length             Attributes
RAM              0x20000000         0x00020000         xrw
FLASH            0x08000000         0x00080000         xr
*default*        0x00000000         0xffffffff

Linker script and memory map

LOAD D:/ARMGNU~1/14EFD8~1.2RE/bin/../lib/gcc/arm-none-eabi/14.2.1/thumb/v7e-m+fp/hard/crti.o
LOAD D:/ARMGNU~1/14EFD8~1.2RE/bin/../lib/gcc/arm-none-eabi/14.2.1/thumb/v7e-m+fp/hard/crtbegin.o
LOAD D:/ARMGNU~1/14EFD8~1.2RE/bin/../lib/gcc/arm-none-eabi/14.2.1/thumb/v7e-m+fp/hard/crt0.o
START GROUP
LOAD D:/ARMGNU~1/14EFD8~1.2RE/bin/../lib/gcc/arm-none-eabi/14.2.1/thumb/v7e-m+fp/hard\libc_nano.a
LOAD D:/ARMGNU~1/14EFD8~1.2RE/bin/../lib/gcc/arm-none-eabi/14.2.1/thumb/v7e-m+fp/hard\libm.a
END GROUP
LOAD cmake/stm32cubemx/CMakeFiles/STM32_Drivers.dir/__/__/Core/Src/system_stm32f4xx.c.obj
LOAD cmake/stm32cubemx/CMakeFiles/STM32_Drivers.dir/__/__/Drivers/STM32F4xx_HAL_Driver/Src/stm32f4xx_hal_tim.c.obj
LOAD cmake/stm32cubemx/CMakeFiles/STM32_Drivers.dir/__/__/Drivers/STM32F4xx_HAL_Driver/Src/stm32f4xx_hal_tim_ex.c.obj
LOAD cmake/stm32cubemx/CMakeFiles/STM32_Drivers.dir/__/__/Drivers/STM32F4xx_HAL_Driver/Src/stm32f4xx_hal_adc.c.obj
LOAD cmake/stm32cubemx/CMakeFiles/STM32_Drivers.dir/__/__/Drivers/STM32F4xx_HAL_Driver/Src/stm32f4xx_hal_adc_ex.c.obj
LOAD cmake/stm32cubemx/CMakeFiles/STM32_Drivers.dir/__/__/Drivers/STM32F4xx_HAL_Driver/Src/stm32f4xx_ll_adc.c.obj
LOAD cmake/stm32cubemx/CMakeFiles/STM32_Drivers.dir/__/__/Drivers/STM32F4xx_HAL_Driver/Src/stm32f4xx_hal_rcc.c.obj
LOAD cmake/stm32cubemx/CMakeFiles/STM32_Drivers.dir/__/__/Drivers/STM32F4xx_HAL_Driver/Src/stm32f4xx_hal_rcc_ex.c.obj
LOAD cmake/stm32cubemx/CMakeFiles/STM32_Drivers.dir/__/__/Drivers/STM32F4xx_HAL_Driver/Src/stm32f4xx_hal_flash.c.obj
LOAD cmake/stm32cubemx/CMakeFiles/STM32_Drivers.dir/__/__/Drivers/STM32F4xx_HAL_Driver/Src/stm32f4xx_hal_flash_ex.c.obj
LOAD cmake/stm32cubemx/CMakeFiles/STM32_Drivers.dir/__/__/Drivers/STM32F4xx_HAL_Driver/Src/stm32f4xx_hal_flash_ramfunc.c.obj
LOAD cmake/stm32cubemx/CMakeFiles/STM32_Drivers.dir/__/__/Drivers/STM32F4xx_HAL_Driver/Src/stm32f4xx_hal_gpio.c.obj
LOAD cmake/stm32cubemx/CMakeFiles/STM32_Drivers.dir/__/__/Drivers/STM32F4xx_HAL_Driver/Src/stm32f4xx_hal_dma_ex.c.obj
LOAD cmake/stm32cubemx/CMakeFiles/STM32_Drivers.dir/__/__/Drivers/STM32F4xx_HAL_Driver/Src/stm32f4xx_hal_dma.c.obj
LOAD cmake/stm32cubemx/CMakeFiles/STM32_Drivers.dir/__/__/Drivers/STM32F4xx_HAL_Driver/Src/stm32f4xx_hal_pwr.c.obj
LOAD cmake/stm32cubemx/CMakeFiles/STM32_Drivers.dir/__/__/Drivers/STM32F4xx_HAL_Driver/Src/stm32f4xx_hal_pwr_ex.c.obj
LOAD cmake/stm32cubemx/CMakeFiles/STM32_Drivers.dir/__/__/Drivers/STM32F4xx_HAL_Driver/Src/stm32f4xx_hal_cortex.c.obj
LOAD cmake/stm32cubemx/CMakeFiles/STM32_Drivers.dir/__/__/Drivers/STM32F4xx_HAL_Driver/Src/stm32f4xx_hal.c.obj
LOAD cmake/stm32cubemx/CMakeFiles/STM32_Drivers.dir/__/__/Drivers/STM32F4xx_HAL_Driver/Src/stm32f4xx_hal_exti.c.obj
LOAD cmake/stm32cubemx/CMakeFiles/STM32_Drivers.dir/__/__/Drivers/STM32F4xx_HAL_Driver/Src/stm32f4xx_hal_spi.c.obj
LOAD cmake/stm32cubemx/CMakeFiles/STM32_Drivers.dir/__/__/Drivers/STM32F4xx_HAL_Driver/Src/stm32f4xx_hal_uart.c.obj
LOAD cmake/stm32cubemx/CMakeFiles/FreeRTOS.dir/__/__/Middlewares/Third_Party/FreeRTOS/Source/croutine.c.obj
LOAD cmake/stm32cubemx/CMakeFiles/FreeRTOS.dir/__/__/Middlewares/Third_Party/FreeRTOS/Source/event_groups.c.obj
LOAD cmake/stm32cubemx/CMakeFiles/FreeRTOS.dir/__/__/Middlewares/Third_Party/FreeRTOS/Source/list.c.obj
LOAD cmake/stm32cubemx/CMakeFiles/FreeRTOS.dir/__/__/Middlewares/Third_Party/FreeRTOS/Source/queue.c.obj
LOAD cmake/stm32cubemx/CMakeFiles/FreeRTOS.dir/__/__/Middlewares/Third_Party/FreeRTOS/Source/stream_buffer.c.obj
LOAD cmake/stm32cubemx/CMakeFiles/FreeRTOS.dir/__/__/Middlewares/Third_Party/FreeRTOS/Source/tasks.c.obj
LOAD cmake/stm32cubemx/CMakeFiles/FreeRTOS.dir/__/__/Middlewares/Third_Party/FreeRTOS/Source/timers.c.obj
LOAD cmake/stm32cubemx/CMakeFiles/FreeRTOS.dir/__/__/Middlewares/Third_Party/FreeRTOS/Source/CMSIS_RTOS_V2/cmsis_os2.c.obj
LOAD cmake/stm32cubemx/CMakeFiles/FreeRTOS.dir/__/__/Middlewares/Third_Party/FreeRTOS/Source/portable/MemMang/heap_4.c.obj
LOAD cmake/stm32cubemx/CMakeFiles/FreeRTOS.dir/__/__/Middlewares/Third_Party/FreeRTOS/Source/portable/GCC/ARM_CM4F/port.c.obj
LOAD cmake/stm32cubemx/CMakeFiles/FatFs.dir/__/__/Middlewares/Third_Party/FatFs/src/diskio.c.obj
LOAD cmake/stm32cubemx/CMakeFiles/FatFs.dir/__/__/Middlewares/Third_Party/FatFs/src/ff.c.obj
LOAD cmake/stm32cubemx/CMakeFiles/FatFs.dir/__/__/Middlewares/Third_Party/FatFs/src/ff_gen_drv.c.obj
LOAD cmake/stm32cubemx/CMakeFiles/FatFs.dir/__/__/Middlewares/Third_Party/FatFs/src/option/syscall.c.obj
LOAD cmake/stm32cubemx/CMakeFiles/FatFs.dir/__/__/Middlewares/Third_Party/FatFs/src/option/cc936.c.obj
LOAD CMakeFiles/Flow_Control_System.dir/FATFS/App/fatfs.c.obj
LOAD CMakeFiles/Flow_Control_System.dir/FATFS/Target/user_diskio.c.obj
LOAD CMakeFiles/Flow_Control_System.dir/Core/Src/main.c.obj
LOAD CMakeFiles/Flow_Control_System.dir/Core/Src/gpio.c.obj
LOAD CMakeFiles/Flow_Control_System.dir/Core/Src/freertos.c.obj
LOAD CMakeFiles/Flow_Control_System.dir/Core/Src/adc.c.obj
LOAD CMakeFiles/Flow_Control_System.dir/Core/Src/dma.c.obj
LOAD CMakeFiles/Flow_Control_System.dir/Core/Src/spi.c.obj
LOAD CMakeFiles/Flow_Control_System.dir/Core/Src/tim.c.obj
LOAD CMakeFiles/Flow_Control_System.dir/Core/Src/usart.c.obj
LOAD CMakeFiles/Flow_Control_System.dir/Core/Src/stm32f4xx_it.c.obj
LOAD CMakeFiles/Flow_Control_System.dir/Core/Src/stm32f4xx_hal_msp.c.obj
LOAD CMakeFiles/Flow_Control_System.dir/Core/Src/stm32f4xx_hal_timebase_tim.c.obj
LOAD CMakeFiles/Flow_Control_System.dir/Core/Src/sysmem.c.obj
LOAD CMakeFiles/Flow_Control_System.dir/Core/Src/syscalls.c.obj
LOAD CMakeFiles/Flow_Control_System.dir/startup_stm32f411xe.s.obj
LOAD CMakeFiles/Flow_Control_System.dir/Hardware_Drivers/src/ips_160.c.obj
LOAD CMakeFiles/Flow_Control_System.dir/Hardware_Drivers/src/peripheral_init.c.obj
LOAD CMakeFiles/Flow_Control_System.dir/Hardware_Drivers/src/w25qxx_flash.c.obj
LOAD CMakeFiles/Flow_Control_System.dir/zf_libraries/src/font.c.obj
LOAD CMakeFiles/Flow_Control_System.dir/zf_libraries/src/zf_common_function.c.obj
START GROUP
LOAD D:/ARMGNU~1/14EFD8~1.2RE/bin/../lib/gcc/arm-none-eabi/14.2.1/thumb/v7e-m+fp/hard\libgcc.a
LOAD D:/ARMGNU~1/14EFD8~1.2RE/bin/../lib/gcc/arm-none-eabi/14.2.1/thumb/v7e-m+fp/hard\libg_nano.a
LOAD D:/ARMGNU~1/14EFD8~1.2RE/bin/../lib/gcc/arm-none-eabi/14.2.1/thumb/v7e-m+fp/hard\libc_nano.a
END GROUP
START GROUP
LOAD D:/ARMGNU~1/14EFD8~1.2RE/bin/../lib/gcc/arm-none-eabi/14.2.1/thumb/v7e-m+fp/hard\libgcc.a
LOAD D:/ARMGNU~1/14EFD8~1.2RE/bin/../lib/gcc/arm-none-eabi/14.2.1/thumb/v7e-m+fp/hard\libc_nano.a
END GROUP
LOAD D:/ARMGNU~1/14EFD8~1.2RE/bin/../lib/gcc/arm-none-eabi/14.2.1/thumb/v7e-m+fp/hard/crtend.o
LOAD D:/ARMGNU~1/14EFD8~1.2RE/bin/../lib/gcc/arm-none-eabi/14.2.1/thumb/v7e-m+fp/hard/crtn.o
                0x20020000                        _estack = (ORIGIN (RAM) + LENGTH (RAM))
                0x00000400                        _Min_Heap_Size = 0x400
                0x00001000                        _Min_Stack_Size = 0x1000

.isr_vector     0x08000000      0x198
                0x08000000                        . = ALIGN (0x4)
 *(.isr_vector)
 .isr_vector    0x08000000      0x198 CMakeFiles/Flow_Control_System.dir/startup_stm32f411xe.s.obj
                0x08000000                g_pfnVectors
                0x08000198                        . = ALIGN (0x4)

.text           0x080001a0     0x8f00
                0x080001a0                        . = ALIGN (0x4)
 *(.text)
 .text          0x080001a0       0x30 D:/ARMGNU~1/14EFD8~1.2RE/bin/../lib/gcc/arm-none-eabi/14.2.1/thumb/v7e-m+fp/hard\libgcc.a(_aeabi_uldivmod.o)
                0x080001a0                __aeabi_uldivmod
 .text          0x080001d0        0x4 D:/ARMGNU~1/14EFD8~1.2RE/bin/../lib/gcc/arm-none-eabi/14.2.1/thumb/v7e-m+fp/hard\libgcc.a(_dvmd_tls.o)
                0x080001d0                __aeabi_idiv0
                0x080001d0                __aeabi_ldiv0
 *(.text*)
 .text.deregister_tm_clones
                0x080001d4       0x1c D:/ARMGNU~1/14EFD8~1.2RE/bin/../lib/gcc/arm-none-eabi/14.2.1/thumb/v7e-m+fp/hard/crtbegin.o
 .text.register_tm_clones
                0x080001f0       0x24 D:/ARMGNU~1/14EFD8~1.2RE/bin/../lib/gcc/arm-none-eabi/14.2.1/thumb/v7e-m+fp/hard/crtbegin.o
 .text.__do_global_dtors_aux
                0x08000214       0x28 D:/ARMGNU~1/14EFD8~1.2RE/bin/../lib/gcc/arm-none-eabi/14.2.1/thumb/v7e-m+fp/hard/crtbegin.o
 .text.frame_dummy
                0x0800023c       0x24 D:/ARMGNU~1/14EFD8~1.2RE/bin/../lib/gcc/arm-none-eabi/14.2.1/thumb/v7e-m+fp/hard/crtbegin.o
 .text.memset   0x08000260       0x10 D:/ARMGNU~1/14EFD8~1.2RE/bin/../lib/gcc/arm-none-eabi/14.2.1/thumb/v7e-m+fp/hard\libc_nano.a(libc_a-memset.o)
                0x08000260                memset
 .text.__libc_init_array
                0x08000270       0x48 D:/ARMGNU~1/14EFD8~1.2RE/bin/../lib/gcc/arm-none-eabi/14.2.1/thumb/v7e-m+fp/hard\libc_nano.a(libc_a-init.o)
                0x08000270                __libc_init_array
 .text.__retarget_lock_acquire_recursive
                0x080002b8        0x2 D:/ARMGNU~1/14EFD8~1.2RE/bin/../lib/gcc/arm-none-eabi/14.2.1/thumb/v7e-m+fp/hard\libc_nano.a(libc_a-lock.o)
                0x080002b8                __retarget_lock_acquire_recursive
 .text.__retarget_lock_release_recursive
                0x080002ba        0x2 D:/ARMGNU~1/14EFD8~1.2RE/bin/../lib/gcc/arm-none-eabi/14.2.1/thumb/v7e-m+fp/hard\libc_nano.a(libc_a-lock.o)
                0x080002ba                __retarget_lock_release_recursive
 .text._free_r  0x080002bc       0x94 D:/ARMGNU~1/14EFD8~1.2RE/bin/../lib/gcc/arm-none-eabi/14.2.1/thumb/v7e-m+fp/hard\libc_nano.a(libc_a-freer.o)
                0x080002bc                _free_r
 .text.sbrk_aligned
                0x08000350       0x44 D:/ARMGNU~1/14EFD8~1.2RE/bin/../lib/gcc/arm-none-eabi/14.2.1/thumb/v7e-m+fp/hard\libc_nano.a(libc_a-mallocr.o)
 .text._malloc_r
                0x08000394      0x100 D:/ARMGNU~1/14EFD8~1.2RE/bin/../lib/gcc/arm-none-eabi/14.2.1/thumb/v7e-m+fp/hard\libc_nano.a(libc_a-mallocr.o)
                0x08000394                _malloc_r
 .text.__malloc_lock
                0x08000494        0xc D:/ARMGNU~1/14EFD8~1.2RE/bin/../lib/gcc/arm-none-eabi/14.2.1/thumb/v7e-m+fp/hard\libc_nano.a(libc_a-mlock.o)
                0x08000494                __malloc_lock
 .text.__malloc_unlock
                0x080004a0        0xc D:/ARMGNU~1/14EFD8~1.2RE/bin/../lib/gcc/arm-none-eabi/14.2.1/thumb/v7e-m+fp/hard\libc_nano.a(libc_a-mlock.o)
                0x080004a0                __malloc_unlock
 .text._sbrk_r  0x080004ac       0x20 D:/ARMGNU~1/14EFD8~1.2RE/bin/../lib/gcc/arm-none-eabi/14.2.1/thumb/v7e-m+fp/hard\libc_nano.a(libc_a-sbrkr.o)
                0x080004ac                _sbrk_r
 .text.SystemInit
                0x080004cc       0x24 cmake/stm32cubemx/CMakeFiles/STM32_Drivers.dir/__/__/Core/Src/system_stm32f4xx.c.obj
                0x080004cc                SystemInit
 .text.HAL_TIM_Base_Init
                0x080004f0       0x9e cmake/stm32cubemx/CMakeFiles/STM32_Drivers.dir/__/__/Drivers/STM32F4xx_HAL_Driver/Src/stm32f4xx_hal_tim.c.obj
                0x080004f0                HAL_TIM_Base_Init
 *fill*         0x0800058e        0x2 
 .text.HAL_TIM_Base_Start_IT
                0x08000590       0xc4 cmake/stm32cubemx/CMakeFiles/STM32_Drivers.dir/__/__/Drivers/STM32F4xx_HAL_Driver/Src/stm32f4xx_hal_tim.c.obj
                0x08000590                HAL_TIM_Base_Start_IT
 .text.HAL_TIM_PWM_Start
                0x08000654      0x160 cmake/stm32cubemx/CMakeFiles/STM32_Drivers.dir/__/__/Drivers/STM32F4xx_HAL_Driver/Src/stm32f4xx_hal_tim.c.obj
                0x08000654                HAL_TIM_PWM_Start
 .text.HAL_TIM_IRQHandler
                0x080007b4      0x1e0 cmake/stm32cubemx/CMakeFiles/STM32_Drivers.dir/__/__/Drivers/STM32F4xx_HAL_Driver/Src/stm32f4xx_hal_tim.c.obj
                0x080007b4                HAL_TIM_IRQHandler
 .text.HAL_TIM_OC_DelayElapsedCallback
                0x08000994       0x14 cmake/stm32cubemx/CMakeFiles/STM32_Drivers.dir/__/__/Drivers/STM32F4xx_HAL_Driver/Src/stm32f4xx_hal_tim.c.obj
                0x08000994                HAL_TIM_OC_DelayElapsedCallback
 .text.HAL_TIM_IC_CaptureCallback
                0x080009a8       0x14 cmake/stm32cubemx/CMakeFiles/STM32_Drivers.dir/__/__/Drivers/STM32F4xx_HAL_Driver/Src/stm32f4xx_hal_tim.c.obj
                0x080009a8                HAL_TIM_IC_CaptureCallback
 .text.HAL_TIM_PWM_PulseFinishedCallback
                0x080009bc       0x14 cmake/stm32cubemx/CMakeFiles/STM32_Drivers.dir/__/__/Drivers/STM32F4xx_HAL_Driver/Src/stm32f4xx_hal_tim.c.obj
                0x080009bc                HAL_TIM_PWM_PulseFinishedCallback
 .text.HAL_TIM_TriggerCallback
                0x080009d0       0x14 cmake/stm32cubemx/CMakeFiles/STM32_Drivers.dir/__/__/Drivers/STM32F4xx_HAL_Driver/Src/stm32f4xx_hal_tim.c.obj
                0x080009d0                HAL_TIM_TriggerCallback
 .text.TIM_Base_SetConfig
                0x080009e4      0x118 cmake/stm32cubemx/CMakeFiles/STM32_Drivers.dir/__/__/Drivers/STM32F4xx_HAL_Driver/Src/stm32f4xx_hal_tim.c.obj
                0x080009e4                TIM_Base_SetConfig
 .text.TIM_CCxChannelCmd
                0x08000afc       0x4a cmake/stm32cubemx/CMakeFiles/STM32_Drivers.dir/__/__/Drivers/STM32F4xx_HAL_Driver/Src/stm32f4xx_hal_tim.c.obj
                0x08000afc                TIM_CCxChannelCmd
 .text.HAL_TIMEx_CommutCallback
                0x08000b46       0x14 cmake/stm32cubemx/CMakeFiles/STM32_Drivers.dir/__/__/Drivers/STM32F4xx_HAL_Driver/Src/stm32f4xx_hal_tim_ex.c.obj
                0x08000b46                HAL_TIMEx_CommutCallback
 .text.HAL_TIMEx_BreakCallback
                0x08000b5a       0x14 cmake/stm32cubemx/CMakeFiles/STM32_Drivers.dir/__/__/Drivers/STM32F4xx_HAL_Driver/Src/stm32f4xx_hal_tim_ex.c.obj
                0x08000b5a                HAL_TIMEx_BreakCallback
 .text.HAL_ADC_Init
                0x08000b6e       0x86 cmake/stm32cubemx/CMakeFiles/STM32_Drivers.dir/__/__/Drivers/STM32F4xx_HAL_Driver/Src/stm32f4xx_hal_adc.c.obj
                0x08000b6e                HAL_ADC_Init
 .text.HAL_ADC_ConfigChannel
                0x08000bf4      0x264 cmake/stm32cubemx/CMakeFiles/STM32_Drivers.dir/__/__/Drivers/STM32F4xx_HAL_Driver/Src/stm32f4xx_hal_adc.c.obj
                0x08000bf4                HAL_ADC_ConfigChannel
 .text.ADC_Init
                0x08000e58      0x1f8 cmake/stm32cubemx/CMakeFiles/STM32_Drivers.dir/__/__/Drivers/STM32F4xx_HAL_Driver/Src/stm32f4xx_hal_adc.c.obj
 .text.HAL_RCC_OscConfig
                0x08001050      0x4f0 cmake/stm32cubemx/CMakeFiles/STM32_Drivers.dir/__/__/Drivers/STM32F4xx_HAL_Driver/Src/stm32f4xx_hal_rcc.c.obj
                0x08001050                HAL_RCC_OscConfig
 .text.HAL_RCC_ClockConfig
                0x08001540      0x1cc cmake/stm32cubemx/CMakeFiles/STM32_Drivers.dir/__/__/Drivers/STM32F4xx_HAL_Driver/Src/stm32f4xx_hal_rcc.c.obj
                0x08001540                HAL_RCC_ClockConfig
 .text.HAL_RCC_GetSysClockFreq
                0x0800170c      0x20c cmake/stm32cubemx/CMakeFiles/STM32_Drivers.dir/__/__/Drivers/STM32F4xx_HAL_Driver/Src/stm32f4xx_hal_rcc.c.obj
                0x0800170c                HAL_RCC_GetSysClockFreq
 .text.HAL_RCC_GetHCLKFreq
                0x08001918       0x18 cmake/stm32cubemx/CMakeFiles/STM32_Drivers.dir/__/__/Drivers/STM32F4xx_HAL_Driver/Src/stm32f4xx_hal_rcc.c.obj
                0x08001918                HAL_RCC_GetHCLKFreq
 .text.HAL_RCC_GetPCLK1Freq
                0x08001930       0x28 cmake/stm32cubemx/CMakeFiles/STM32_Drivers.dir/__/__/Drivers/STM32F4xx_HAL_Driver/Src/stm32f4xx_hal_rcc.c.obj
                0x08001930                HAL_RCC_GetPCLK1Freq
 .text.HAL_RCC_GetClockConfig
                0x08001958       0x64 cmake/stm32cubemx/CMakeFiles/STM32_Drivers.dir/__/__/Drivers/STM32F4xx_HAL_Driver/Src/stm32f4xx_hal_rcc.c.obj
                0x08001958                HAL_RCC_GetClockConfig
 .text.HAL_GPIO_Init
                0x080019bc      0x308 cmake/stm32cubemx/CMakeFiles/STM32_Drivers.dir/__/__/Drivers/STM32F4xx_HAL_Driver/Src/stm32f4xx_hal_gpio.c.obj
                0x080019bc                HAL_GPIO_Init
 .text.HAL_GPIO_WritePin
                0x08001cc4       0x32 cmake/stm32cubemx/CMakeFiles/STM32_Drivers.dir/__/__/Drivers/STM32F4xx_HAL_Driver/Src/stm32f4xx_hal_gpio.c.obj
                0x08001cc4                HAL_GPIO_WritePin
 .text.HAL_DMA_Start_IT
                0x08001cf6       0xb0 cmake/stm32cubemx/CMakeFiles/STM32_Drivers.dir/__/__/Drivers/STM32F4xx_HAL_Driver/Src/stm32f4xx_hal_dma.c.obj
                0x08001cf6                HAL_DMA_Start_IT
 .text.HAL_DMA_Abort
                0x08001da6       0xe0 cmake/stm32cubemx/CMakeFiles/STM32_Drivers.dir/__/__/Drivers/STM32F4xx_HAL_Driver/Src/stm32f4xx_hal_dma.c.obj
                0x08001da6                HAL_DMA_Abort
 .text.HAL_DMA_Abort_IT
                0x08001e86       0x44 cmake/stm32cubemx/CMakeFiles/STM32_Drivers.dir/__/__/Drivers/STM32F4xx_HAL_Driver/Src/stm32f4xx_hal_dma.c.obj
                0x08001e86                HAL_DMA_Abort_IT
 *fill*         0x08001eca        0x2 
 .text.HAL_DMA_IRQHandler
                0x08001ecc      0x314 cmake/stm32cubemx/CMakeFiles/STM32_Drivers.dir/__/__/Drivers/STM32F4xx_HAL_Driver/Src/stm32f4xx_hal_dma.c.obj
                0x08001ecc                HAL_DMA_IRQHandler
 .text.DMA_SetConfig
                0x080021e0       0x5c cmake/stm32cubemx/CMakeFiles/STM32_Drivers.dir/__/__/Drivers/STM32F4xx_HAL_Driver/Src/stm32f4xx_hal_dma.c.obj
 .text.__NVIC_SetPriorityGrouping
                0x0800223c       0x48 cmake/stm32cubemx/CMakeFiles/STM32_Drivers.dir/__/__/Drivers/STM32F4xx_HAL_Driver/Src/stm32f4xx_hal_cortex.c.obj
 .text.__NVIC_GetPriorityGrouping
                0x08002284       0x1c cmake/stm32cubemx/CMakeFiles/STM32_Drivers.dir/__/__/Drivers/STM32F4xx_HAL_Driver/Src/stm32f4xx_hal_cortex.c.obj
 .text.__NVIC_EnableIRQ
                0x080022a0       0x3c cmake/stm32cubemx/CMakeFiles/STM32_Drivers.dir/__/__/Drivers/STM32F4xx_HAL_Driver/Src/stm32f4xx_hal_cortex.c.obj
 .text.__NVIC_SetPriority
                0x080022dc       0x54 cmake/stm32cubemx/CMakeFiles/STM32_Drivers.dir/__/__/Drivers/STM32F4xx_HAL_Driver/Src/stm32f4xx_hal_cortex.c.obj
 .text.NVIC_EncodePriority
                0x08002330       0x66 cmake/stm32cubemx/CMakeFiles/STM32_Drivers.dir/__/__/Drivers/STM32F4xx_HAL_Driver/Src/stm32f4xx_hal_cortex.c.obj
 .text.HAL_NVIC_SetPriorityGrouping
                0x08002396       0x16 cmake/stm32cubemx/CMakeFiles/STM32_Drivers.dir/__/__/Drivers/STM32F4xx_HAL_Driver/Src/stm32f4xx_hal_cortex.c.obj
                0x08002396                HAL_NVIC_SetPriorityGrouping
 .text.HAL_NVIC_SetPriority
                0x080023ac       0x38 cmake/stm32cubemx/CMakeFiles/STM32_Drivers.dir/__/__/Drivers/STM32F4xx_HAL_Driver/Src/stm32f4xx_hal_cortex.c.obj
                0x080023ac                HAL_NVIC_SetPriority
 .text.HAL_NVIC_EnableIRQ
                0x080023e4       0x1c cmake/stm32cubemx/CMakeFiles/STM32_Drivers.dir/__/__/Drivers/STM32F4xx_HAL_Driver/Src/stm32f4xx_hal_cortex.c.obj
                0x080023e4                HAL_NVIC_EnableIRQ
 .text.HAL_Init
                0x08002400       0x44 cmake/stm32cubemx/CMakeFiles/STM32_Drivers.dir/__/__/Drivers/STM32F4xx_HAL_Driver/Src/stm32f4xx_hal.c.obj
                0x08002400                HAL_Init
 .text.HAL_IncTick
                0x08002444       0x28 cmake/stm32cubemx/CMakeFiles/STM32_Drivers.dir/__/__/Drivers/STM32F4xx_HAL_Driver/Src/stm32f4xx_hal.c.obj
                0x08002444                HAL_IncTick
 .text.HAL_GetTick
                0x0800246c       0x18 cmake/stm32cubemx/CMakeFiles/STM32_Drivers.dir/__/__/Drivers/STM32F4xx_HAL_Driver/Src/stm32f4xx_hal.c.obj
                0x0800246c                HAL_GetTick
 .text.HAL_Delay
                0x08002484       0x48 cmake/stm32cubemx/CMakeFiles/STM32_Drivers.dir/__/__/Drivers/STM32F4xx_HAL_Driver/Src/stm32f4xx_hal.c.obj
                0x08002484                HAL_Delay
 .text.HAL_SPI_TransmitReceive
                0x080024cc      0x352 cmake/stm32cubemx/CMakeFiles/STM32_Drivers.dir/__/__/Drivers/STM32F4xx_HAL_Driver/Src/stm32f4xx_hal_spi.c.obj
                0x080024cc                HAL_SPI_TransmitReceive
 *fill*         0x0800281e        0x2 
 .text.HAL_SPI_Transmit_DMA
                0x08002820      0x164 cmake/stm32cubemx/CMakeFiles/STM32_Drivers.dir/__/__/Drivers/STM32F4xx_HAL_Driver/Src/stm32f4xx_hal_spi.c.obj
                0x08002820                HAL_SPI_Transmit_DMA
 .text.HAL_SPI_TxCpltCallback
                0x08002984       0x14 cmake/stm32cubemx/CMakeFiles/STM32_Drivers.dir/__/__/Drivers/STM32F4xx_HAL_Driver/Src/stm32f4xx_hal_spi.c.obj
                0x08002984                HAL_SPI_TxCpltCallback
 .text.HAL_SPI_TxHalfCpltCallback
                0x08002998       0x14 cmake/stm32cubemx/CMakeFiles/STM32_Drivers.dir/__/__/Drivers/STM32F4xx_HAL_Driver/Src/stm32f4xx_hal_spi.c.obj
                0x08002998                HAL_SPI_TxHalfCpltCallback
 .text.HAL_SPI_ErrorCallback
                0x080029ac       0x14 cmake/stm32cubemx/CMakeFiles/STM32_Drivers.dir/__/__/Drivers/STM32F4xx_HAL_Driver/Src/stm32f4xx_hal_spi.c.obj
                0x080029ac                HAL_SPI_ErrorCallback
 .text.SPI_DMATransmitCplt
                0x080029c0       0xa8 cmake/stm32cubemx/CMakeFiles/STM32_Drivers.dir/__/__/Drivers/STM32F4xx_HAL_Driver/Src/stm32f4xx_hal_spi.c.obj
 .text.SPI_DMAHalfTransmitCplt
                0x08002a68       0x1c cmake/stm32cubemx/CMakeFiles/STM32_Drivers.dir/__/__/Drivers/STM32F4xx_HAL_Driver/Src/stm32f4xx_hal_spi.c.obj
 .text.SPI_DMAError
                0x08002a84       0x40 cmake/stm32cubemx/CMakeFiles/STM32_Drivers.dir/__/__/Drivers/STM32F4xx_HAL_Driver/Src/stm32f4xx_hal_spi.c.obj
 .text.SPI_WaitFlagStateUntilTimeout
                0x08002ac4      0x110 cmake/stm32cubemx/CMakeFiles/STM32_Drivers.dir/__/__/Drivers/STM32F4xx_HAL_Driver/Src/stm32f4xx_hal_spi.c.obj
 .text.SPI_EndRxTxTransaction
                0x08002bd4       0xa8 cmake/stm32cubemx/CMakeFiles/STM32_Drivers.dir/__/__/Drivers/STM32F4xx_HAL_Driver/Src/stm32f4xx_hal_spi.c.obj
 .text.HAL_UART_IRQHandler
                0x08002c7c      0x524 cmake/stm32cubemx/CMakeFiles/STM32_Drivers.dir/__/__/Drivers/STM32F4xx_HAL_Driver/Src/stm32f4xx_hal_uart.c.obj
                0x08002c7c                HAL_UART_IRQHandler
 .text.HAL_UART_TxCpltCallback
                0x080031a0       0x14 cmake/stm32cubemx/CMakeFiles/STM32_Drivers.dir/__/__/Drivers/STM32F4xx_HAL_Driver/Src/stm32f4xx_hal_uart.c.obj
                0x080031a0                HAL_UART_TxCpltCallback
 .text.HAL_UART_RxCpltCallback
                0x080031b4       0x14 cmake/stm32cubemx/CMakeFiles/STM32_Drivers.dir/__/__/Drivers/STM32F4xx_HAL_Driver/Src/stm32f4xx_hal_uart.c.obj
                0x080031b4                HAL_UART_RxCpltCallback
 .text.HAL_UART_ErrorCallback
                0x080031c8       0x14 cmake/stm32cubemx/CMakeFiles/STM32_Drivers.dir/__/__/Drivers/STM32F4xx_HAL_Driver/Src/stm32f4xx_hal_uart.c.obj
                0x080031c8                HAL_UART_ErrorCallback
 .text.HAL_UARTEx_RxEventCallback
                0x080031dc       0x18 cmake/stm32cubemx/CMakeFiles/STM32_Drivers.dir/__/__/Drivers/STM32F4xx_HAL_Driver/Src/stm32f4xx_hal_uart.c.obj
                0x080031dc                HAL_UARTEx_RxEventCallback
 .text.UART_EndRxTransfer
                0x080031f4       0xc6 cmake/stm32cubemx/CMakeFiles/STM32_Drivers.dir/__/__/Drivers/STM32F4xx_HAL_Driver/Src/stm32f4xx_hal_uart.c.obj
 .text.UART_DMAAbortOnError
                0x080032ba       0x28 cmake/stm32cubemx/CMakeFiles/STM32_Drivers.dir/__/__/Drivers/STM32F4xx_HAL_Driver/Src/stm32f4xx_hal_uart.c.obj
 .text.UART_Transmit_IT
                0x080032e2       0xa0 cmake/stm32cubemx/CMakeFiles/STM32_Drivers.dir/__/__/Drivers/STM32F4xx_HAL_Driver/Src/stm32f4xx_hal_uart.c.obj
 .text.UART_EndTransmit_IT
                0x08003382       0x30 cmake/stm32cubemx/CMakeFiles/STM32_Drivers.dir/__/__/Drivers/STM32F4xx_HAL_Driver/Src/stm32f4xx_hal_uart.c.obj
 .text.UART_Receive_IT
                0x080033b2      0x17c cmake/stm32cubemx/CMakeFiles/STM32_Drivers.dir/__/__/Drivers/STM32F4xx_HAL_Driver/Src/stm32f4xx_hal_uart.c.obj
 .text.vListInitialise
                0x0800352e       0x40 cmake/stm32cubemx/CMakeFiles/FreeRTOS.dir/__/__/Middlewares/Third_Party/FreeRTOS/Source/list.c.obj
                0x0800352e                vListInitialise
 .text.vListInitialiseItem
                0x0800356e       0x1a cmake/stm32cubemx/CMakeFiles/FreeRTOS.dir/__/__/Middlewares/Third_Party/FreeRTOS/Source/list.c.obj
                0x0800356e                vListInitialiseItem
 .text.vListInsertEnd
                0x08003588       0x48 cmake/stm32cubemx/CMakeFiles/FreeRTOS.dir/__/__/Middlewares/Third_Party/FreeRTOS/Source/list.c.obj
                0x08003588                vListInsertEnd
 .text.vListInsert
                0x080035d0       0x72 cmake/stm32cubemx/CMakeFiles/FreeRTOS.dir/__/__/Middlewares/Third_Party/FreeRTOS/Source/list.c.obj
                0x080035d0                vListInsert
 .text.uxListRemove
                0x08003642       0x54 cmake/stm32cubemx/CMakeFiles/FreeRTOS.dir/__/__/Middlewares/Third_Party/FreeRTOS/Source/list.c.obj
                0x08003642                uxListRemove
 *fill*         0x08003696        0x2 
 .text.xQueueGenericReset
                0x08003698       0xd4 cmake/stm32cubemx/CMakeFiles/FreeRTOS.dir/__/__/Middlewares/Third_Party/FreeRTOS/Source/queue.c.obj
                0x08003698                xQueueGenericReset
 .text.xQueueGenericCreateStatic
                0x0800376c       0xfa cmake/stm32cubemx/CMakeFiles/FreeRTOS.dir/__/__/Middlewares/Third_Party/FreeRTOS/Source/queue.c.obj
                0x0800376c                xQueueGenericCreateStatic
 .text.prvInitialiseNewQueue
                0x08003866       0x46 cmake/stm32cubemx/CMakeFiles/FreeRTOS.dir/__/__/Middlewares/Third_Party/FreeRTOS/Source/queue.c.obj
 .text.xQueueGenericSend
                0x080038ac      0x204 cmake/stm32cubemx/CMakeFiles/FreeRTOS.dir/__/__/Middlewares/Third_Party/FreeRTOS/Source/queue.c.obj
                0x080038ac                xQueueGenericSend
 .text.xQueueGenericSendFromISR
                0x08003ab0      0x13c cmake/stm32cubemx/CMakeFiles/FreeRTOS.dir/__/__/Middlewares/Third_Party/FreeRTOS/Source/queue.c.obj
                0x08003ab0                xQueueGenericSendFromISR
 .text.xQueueReceive
                0x08003bec      0x1c4 cmake/stm32cubemx/CMakeFiles/FreeRTOS.dir/__/__/Middlewares/Third_Party/FreeRTOS/Source/queue.c.obj
                0x08003bec                xQueueReceive
 .text.prvCopyDataToQueue
                0x08003db0       0xd4 cmake/stm32cubemx/CMakeFiles/FreeRTOS.dir/__/__/Middlewares/Third_Party/FreeRTOS/Source/queue.c.obj
 .text.prvCopyDataFromQueue
                0x08003e84       0x4c cmake/stm32cubemx/CMakeFiles/FreeRTOS.dir/__/__/Middlewares/Third_Party/FreeRTOS/Source/queue.c.obj
 .text.prvUnlockQueue
                0x08003ed0       0xa4 cmake/stm32cubemx/CMakeFiles/FreeRTOS.dir/__/__/Middlewares/Third_Party/FreeRTOS/Source/queue.c.obj
 .text.prvIsQueueEmpty
                0x08003f74       0x2c cmake/stm32cubemx/CMakeFiles/FreeRTOS.dir/__/__/Middlewares/Third_Party/FreeRTOS/Source/queue.c.obj
 .text.prvIsQueueFull
                0x08003fa0       0x30 cmake/stm32cubemx/CMakeFiles/FreeRTOS.dir/__/__/Middlewares/Third_Party/FreeRTOS/Source/queue.c.obj
 .text.vQueueAddToRegistry
                0x08003fd0       0x54 cmake/stm32cubemx/CMakeFiles/FreeRTOS.dir/__/__/Middlewares/Third_Party/FreeRTOS/Source/queue.c.obj
                0x08003fd0                vQueueAddToRegistry
 .text.vQueueWaitForMessageRestricted
                0x08004024       0x68 cmake/stm32cubemx/CMakeFiles/FreeRTOS.dir/__/__/Middlewares/Third_Party/FreeRTOS/Source/queue.c.obj
                0x08004024                vQueueWaitForMessageRestricted
 .text.xTaskCreateStatic
                0x0800408c       0xc0 cmake/stm32cubemx/CMakeFiles/FreeRTOS.dir/__/__/Middlewares/Third_Party/FreeRTOS/Source/tasks.c.obj
                0x0800408c                xTaskCreateStatic
 .text.xTaskCreate
                0x0800414c       0x8a cmake/stm32cubemx/CMakeFiles/FreeRTOS.dir/__/__/Middlewares/Third_Party/FreeRTOS/Source/tasks.c.obj
                0x0800414c                xTaskCreate
 .text.prvInitialiseNewTask
                0x080041d6      0x120 cmake/stm32cubemx/CMakeFiles/FreeRTOS.dir/__/__/Middlewares/Third_Party/FreeRTOS/Source/tasks.c.obj
 *fill*         0x080042f6        0x2 
 .text.prvAddNewTaskToReadyList
                0x080042f8       0xe0 cmake/stm32cubemx/CMakeFiles/FreeRTOS.dir/__/__/Middlewares/Third_Party/FreeRTOS/Source/tasks.c.obj
 .text.vTaskDelay
                0x080043d8       0x6c cmake/stm32cubemx/CMakeFiles/FreeRTOS.dir/__/__/Middlewares/Third_Party/FreeRTOS/Source/tasks.c.obj
                0x080043d8                vTaskDelay
 .text.vTaskStartScheduler
                0x08004444       0xd0 cmake/stm32cubemx/CMakeFiles/FreeRTOS.dir/__/__/Middlewares/Third_Party/FreeRTOS/Source/tasks.c.obj
                0x08004444                vTaskStartScheduler
 .text.vTaskSuspendAll
                0x08004514       0x1c cmake/stm32cubemx/CMakeFiles/FreeRTOS.dir/__/__/Middlewares/Third_Party/FreeRTOS/Source/tasks.c.obj
                0x08004514                vTaskSuspendAll
 .text.xTaskResumeAll
                0x08004530      0x13c cmake/stm32cubemx/CMakeFiles/FreeRTOS.dir/__/__/Middlewares/Third_Party/FreeRTOS/Source/tasks.c.obj
                0x08004530                xTaskResumeAll
 .text.xTaskGetTickCount
                0x0800466c       0x20 cmake/stm32cubemx/CMakeFiles/FreeRTOS.dir/__/__/Middlewares/Third_Party/FreeRTOS/Source/tasks.c.obj
                0x0800466c                xTaskGetTickCount
 .text.xTaskIncrementTick
                0x0800468c      0x174 cmake/stm32cubemx/CMakeFiles/FreeRTOS.dir/__/__/Middlewares/Third_Party/FreeRTOS/Source/tasks.c.obj
                0x0800468c                xTaskIncrementTick
 .text.vTaskSwitchContext
                0x08004800       0xdc cmake/stm32cubemx/CMakeFiles/FreeRTOS.dir/__/__/Middlewares/Third_Party/FreeRTOS/Source/tasks.c.obj
                0x08004800                vTaskSwitchContext
 .text.vTaskPlaceOnEventList
                0x080048dc       0x4c cmake/stm32cubemx/CMakeFiles/FreeRTOS.dir/__/__/Middlewares/Third_Party/FreeRTOS/Source/tasks.c.obj
                0x080048dc                vTaskPlaceOnEventList
 .text.vTaskPlaceOnEventListRestricted
                0x08004928       0x58 cmake/stm32cubemx/CMakeFiles/FreeRTOS.dir/__/__/Middlewares/Third_Party/FreeRTOS/Source/tasks.c.obj
                0x08004928                vTaskPlaceOnEventListRestricted
 .text.xTaskRemoveFromEventList
                0x08004980       0xc8 cmake/stm32cubemx/CMakeFiles/FreeRTOS.dir/__/__/Middlewares/Third_Party/FreeRTOS/Source/tasks.c.obj
                0x08004980                xTaskRemoveFromEventList
 .text.vTaskInternalSetTimeOutState
                0x08004a48       0x2c cmake/stm32cubemx/CMakeFiles/FreeRTOS.dir/__/__/Middlewares/Third_Party/FreeRTOS/Source/tasks.c.obj
                0x08004a48                vTaskInternalSetTimeOutState
 .text.xTaskCheckForTimeOut
                0x08004a74       0xc8 cmake/stm32cubemx/CMakeFiles/FreeRTOS.dir/__/__/Middlewares/Third_Party/FreeRTOS/Source/tasks.c.obj
                0x08004a74                xTaskCheckForTimeOut
 .text.vTaskMissedYield
                0x08004b3c       0x18 cmake/stm32cubemx/CMakeFiles/FreeRTOS.dir/__/__/Middlewares/Third_Party/FreeRTOS/Source/tasks.c.obj
                0x08004b3c                vTaskMissedYield
 .text.prvIdleTask
                0x08004b54       0x34 cmake/stm32cubemx/CMakeFiles/FreeRTOS.dir/__/__/Middlewares/Third_Party/FreeRTOS/Source/tasks.c.obj
 .text.prvInitialiseTaskLists
                0x08004b88       0x80 cmake/stm32cubemx/CMakeFiles/FreeRTOS.dir/__/__/Middlewares/Third_Party/FreeRTOS/Source/tasks.c.obj
 .text.prvCheckTasksWaitingTermination
                0x08004c08       0x5c cmake/stm32cubemx/CMakeFiles/FreeRTOS.dir/__/__/Middlewares/Third_Party/FreeRTOS/Source/tasks.c.obj
 .text.prvDeleteTCB
                0x08004c64       0x60 cmake/stm32cubemx/CMakeFiles/FreeRTOS.dir/__/__/Middlewares/Third_Party/FreeRTOS/Source/tasks.c.obj
 .text.prvResetNextTaskUnblockTime
                0x08004cc4       0x40 cmake/stm32cubemx/CMakeFiles/FreeRTOS.dir/__/__/Middlewares/Third_Party/FreeRTOS/Source/tasks.c.obj
 .text.xTaskGetSchedulerState
                0x08004d04       0x3c cmake/stm32cubemx/CMakeFiles/FreeRTOS.dir/__/__/Middlewares/Third_Party/FreeRTOS/Source/tasks.c.obj
                0x08004d04                xTaskGetSchedulerState
 .text.xTaskPriorityDisinherit
                0x08004d40       0xe0 cmake/stm32cubemx/CMakeFiles/FreeRTOS.dir/__/__/Middlewares/Third_Party/FreeRTOS/Source/tasks.c.obj
                0x08004d40                xTaskPriorityDisinherit
 .text.prvAddCurrentTaskToDelayedList
                0x08004e20       0xa8 cmake/stm32cubemx/CMakeFiles/FreeRTOS.dir/__/__/Middlewares/Third_Party/FreeRTOS/Source/tasks.c.obj
 .text.xTimerCreateTimerTask
                0x08004ec8       0x94 cmake/stm32cubemx/CMakeFiles/FreeRTOS.dir/__/__/Middlewares/Third_Party/FreeRTOS/Source/timers.c.obj
                0x08004ec8                xTimerCreateTimerTask
 .text.xTimerGenericCommand
                0x08004f5c       0x9c cmake/stm32cubemx/CMakeFiles/FreeRTOS.dir/__/__/Middlewares/Third_Party/FreeRTOS/Source/timers.c.obj
                0x08004f5c                xTimerGenericCommand
 .text.prvProcessExpiredTimer
                0x08004ff8       0x9c cmake/stm32cubemx/CMakeFiles/FreeRTOS.dir/__/__/Middlewares/Third_Party/FreeRTOS/Source/timers.c.obj
 .text.prvTimerTask
                0x08005094       0x26 cmake/stm32cubemx/CMakeFiles/FreeRTOS.dir/__/__/Middlewares/Third_Party/FreeRTOS/Source/timers.c.obj
 *fill*         0x080050ba        0x2 
 .text.prvProcessTimerOrBlockTask
                0x080050bc       0x9c cmake/stm32cubemx/CMakeFiles/FreeRTOS.dir/__/__/Middlewares/Third_Party/FreeRTOS/Source/timers.c.obj
 .text.prvGetNextExpireTime
                0x08005158       0x48 cmake/stm32cubemx/CMakeFiles/FreeRTOS.dir/__/__/Middlewares/Third_Party/FreeRTOS/Source/timers.c.obj
 .text.prvSampleTimeNow
                0x080051a0       0x40 cmake/stm32cubemx/CMakeFiles/FreeRTOS.dir/__/__/Middlewares/Third_Party/FreeRTOS/Source/timers.c.obj
 .text.prvInsertTimerInActiveList
                0x080051e0       0x84 cmake/stm32cubemx/CMakeFiles/FreeRTOS.dir/__/__/Middlewares/Third_Party/FreeRTOS/Source/timers.c.obj
 .text.prvProcessReceivedCommands
                0x08005264      0x1cc cmake/stm32cubemx/CMakeFiles/FreeRTOS.dir/__/__/Middlewares/Third_Party/FreeRTOS/Source/timers.c.obj
 .text.prvSwitchTimerLists
                0x08005430       0xcc cmake/stm32cubemx/CMakeFiles/FreeRTOS.dir/__/__/Middlewares/Third_Party/FreeRTOS/Source/timers.c.obj
 .text.prvCheckForValidListAndQueue
                0x080054fc       0x80 cmake/stm32cubemx/CMakeFiles/FreeRTOS.dir/__/__/Middlewares/Third_Party/FreeRTOS/Source/timers.c.obj
 .text.__NVIC_SetPriority
                0x0800557c       0x54 cmake/stm32cubemx/CMakeFiles/FreeRTOS.dir/__/__/Middlewares/Third_Party/FreeRTOS/Source/CMSIS_RTOS_V2/cmsis_os2.c.obj
 .text.SysTick_Handler
                0x080055d0       0x20 cmake/stm32cubemx/CMakeFiles/FreeRTOS.dir/__/__/Middlewares/Third_Party/FreeRTOS/Source/CMSIS_RTOS_V2/cmsis_os2.c.obj
                0x080055d0                SysTick_Handler
 .text.SVC_Setup
                0x080055f0       0x12 cmake/stm32cubemx/CMakeFiles/FreeRTOS.dir/__/__/Middlewares/Third_Party/FreeRTOS/Source/CMSIS_RTOS_V2/cmsis_os2.c.obj
 *fill*         0x08005602        0x2 
 .text.osKernelInitialize
                0x08005604       0x48 cmake/stm32cubemx/CMakeFiles/FreeRTOS.dir/__/__/Middlewares/Third_Party/FreeRTOS/Source/CMSIS_RTOS_V2/cmsis_os2.c.obj
                0x08005604                osKernelInitialize
 .text.osKernelStart
                0x0800564c       0x4c cmake/stm32cubemx/CMakeFiles/FreeRTOS.dir/__/__/Middlewares/Third_Party/FreeRTOS/Source/CMSIS_RTOS_V2/cmsis_os2.c.obj
                0x0800564c                osKernelStart
 .text.osThreadNew
                0x08005698      0x124 cmake/stm32cubemx/CMakeFiles/FreeRTOS.dir/__/__/Middlewares/Third_Party/FreeRTOS/Source/CMSIS_RTOS_V2/cmsis_os2.c.obj
                0x08005698                osThreadNew
 .text.osDelay  0x080057bc       0x36 cmake/stm32cubemx/CMakeFiles/FreeRTOS.dir/__/__/Middlewares/Third_Party/FreeRTOS/Source/CMSIS_RTOS_V2/cmsis_os2.c.obj
                0x080057bc                osDelay
 *fill*         0x080057f2        0x2 
 .text.vApplicationGetIdleTaskMemory
                0x080057f4       0x34 cmake/stm32cubemx/CMakeFiles/FreeRTOS.dir/__/__/Middlewares/Third_Party/FreeRTOS/Source/CMSIS_RTOS_V2/cmsis_os2.c.obj
                0x080057f4                vApplicationGetIdleTaskMemory
 .text.vApplicationGetTimerTaskMemory
                0x08005828       0x34 cmake/stm32cubemx/CMakeFiles/FreeRTOS.dir/__/__/Middlewares/Third_Party/FreeRTOS/Source/CMSIS_RTOS_V2/cmsis_os2.c.obj
                0x08005828                vApplicationGetTimerTaskMemory
 .text.pvPortMalloc
                0x0800585c      0x19c cmake/stm32cubemx/CMakeFiles/FreeRTOS.dir/__/__/Middlewares/Third_Party/FreeRTOS/Source/portable/MemMang/heap_4.c.obj
                0x0800585c                pvPortMalloc
 .text.vPortFree
                0x080059f8       0xc8 cmake/stm32cubemx/CMakeFiles/FreeRTOS.dir/__/__/Middlewares/Third_Party/FreeRTOS/Source/portable/MemMang/heap_4.c.obj
                0x080059f8                vPortFree
 .text.prvHeapInit
                0x08005ac0       0xc4 cmake/stm32cubemx/CMakeFiles/FreeRTOS.dir/__/__/Middlewares/Third_Party/FreeRTOS/Source/portable/MemMang/heap_4.c.obj
 .text.prvInsertBlockIntoFreeList
                0x08005b84       0xb4 cmake/stm32cubemx/CMakeFiles/FreeRTOS.dir/__/__/Middlewares/Third_Party/FreeRTOS/Source/portable/MemMang/heap_4.c.obj
 .text.pxPortInitialiseStack
                0x08005c38       0x68 cmake/stm32cubemx/CMakeFiles/FreeRTOS.dir/__/__/Middlewares/Third_Party/FreeRTOS/Source/portable/GCC/ARM_CM4F/port.c.obj
                0x08005c38                pxPortInitialiseStack
 .text.prvTaskExitError
                0x08005ca0       0x5c cmake/stm32cubemx/CMakeFiles/FreeRTOS.dir/__/__/Middlewares/Third_Party/FreeRTOS/Source/portable/GCC/ARM_CM4F/port.c.obj
 *fill*         0x08005cfc        0x4 
 .text.SVC_Handler
                0x08005d00       0x28 cmake/stm32cubemx/CMakeFiles/FreeRTOS.dir/__/__/Middlewares/Third_Party/FreeRTOS/Source/portable/GCC/ARM_CM4F/port.c.obj
                0x08005d00                SVC_Handler
 .text.prvPortStartFirstTask
                0x08005d28       0x28 cmake/stm32cubemx/CMakeFiles/FreeRTOS.dir/__/__/Middlewares/Third_Party/FreeRTOS/Source/portable/GCC/ARM_CM4F/port.c.obj
 .text.xPortStartScheduler
                0x08005d50      0x148 cmake/stm32cubemx/CMakeFiles/FreeRTOS.dir/__/__/Middlewares/Third_Party/FreeRTOS/Source/portable/GCC/ARM_CM4F/port.c.obj
                0x08005d50                xPortStartScheduler
 .text.vPortEnterCritical
                0x08005e98       0x64 cmake/stm32cubemx/CMakeFiles/FreeRTOS.dir/__/__/Middlewares/Third_Party/FreeRTOS/Source/portable/GCC/ARM_CM4F/port.c.obj
                0x08005e98                vPortEnterCritical
 .text.vPortExitCritical
                0x08005efc       0x54 cmake/stm32cubemx/CMakeFiles/FreeRTOS.dir/__/__/Middlewares/Third_Party/FreeRTOS/Source/portable/GCC/ARM_CM4F/port.c.obj
                0x08005efc                vPortExitCritical
 .text.PendSV_Handler
                0x08005f50       0x68 cmake/stm32cubemx/CMakeFiles/FreeRTOS.dir/__/__/Middlewares/Third_Party/FreeRTOS/Source/portable/GCC/ARM_CM4F/port.c.obj
                0x08005f50                PendSV_Handler
 .text.xPortSysTickHandler
                0x08005fb8       0x44 cmake/stm32cubemx/CMakeFiles/FreeRTOS.dir/__/__/Middlewares/Third_Party/FreeRTOS/Source/portable/GCC/ARM_CM4F/port.c.obj
                0x08005fb8                xPortSysTickHandler
 .text.vPortSetupTimerInterrupt
                0x08005ffc       0x48 cmake/stm32cubemx/CMakeFiles/FreeRTOS.dir/__/__/Middlewares/Third_Party/FreeRTOS/Source/portable/GCC/ARM_CM4F/port.c.obj
                0x08005ffc                vPortSetupTimerInterrupt
 .text.vPortEnableVFP
                0x08006044       0x14 cmake/stm32cubemx/CMakeFiles/FreeRTOS.dir/__/__/Middlewares/Third_Party/FreeRTOS/Source/portable/GCC/ARM_CM4F/port.c.obj
 .text.vPortValidateInterruptPriority
                0x08006058       0x84 cmake/stm32cubemx/CMakeFiles/FreeRTOS.dir/__/__/Middlewares/Third_Party/FreeRTOS/Source/portable/GCC/ARM_CM4F/port.c.obj
                0x08006058                vPortValidateInterruptPriority
 .text.disk_status
                0x080060dc       0x34 cmake/stm32cubemx/CMakeFiles/FatFs.dir/__/__/Middlewares/Third_Party/FatFs/src/diskio.c.obj
                0x080060dc                disk_status
 .text.disk_initialize
                0x08006110       0x50 cmake/stm32cubemx/CMakeFiles/FatFs.dir/__/__/Middlewares/Third_Party/FatFs/src/diskio.c.obj
                0x08006110                disk_initialize
 .text.disk_read
                0x08006160       0x40 cmake/stm32cubemx/CMakeFiles/FatFs.dir/__/__/Middlewares/Third_Party/FatFs/src/diskio.c.obj
                0x08006160                disk_read
 .text.disk_write
                0x080061a0       0x40 cmake/stm32cubemx/CMakeFiles/FatFs.dir/__/__/Middlewares/Third_Party/FatFs/src/diskio.c.obj
                0x080061a0                disk_write
 .text.disk_ioctl
                0x080061e0       0x3c cmake/stm32cubemx/CMakeFiles/FatFs.dir/__/__/Middlewares/Third_Party/FatFs/src/diskio.c.obj
                0x080061e0                disk_ioctl
 .text.ld_word  0x0800621c       0x32 cmake/stm32cubemx/CMakeFiles/FatFs.dir/__/__/Middlewares/Third_Party/FatFs/src/ff.c.obj
 .text.ld_dword
                0x0800624e       0x46 cmake/stm32cubemx/CMakeFiles/FatFs.dir/__/__/Middlewares/Third_Party/FatFs/src/ff.c.obj
 .text.st_word  0x08006294       0x36 cmake/stm32cubemx/CMakeFiles/FatFs.dir/__/__/Middlewares/Third_Party/FatFs/src/ff.c.obj
 .text.st_dword
                0x080062ca       0x58 cmake/stm32cubemx/CMakeFiles/FatFs.dir/__/__/Middlewares/Third_Party/FatFs/src/ff.c.obj
 .text.mem_cpy  0x08006322       0x42 cmake/stm32cubemx/CMakeFiles/FatFs.dir/__/__/Middlewares/Third_Party/FatFs/src/ff.c.obj
 .text.mem_set  0x08006364       0x36 cmake/stm32cubemx/CMakeFiles/FatFs.dir/__/__/Middlewares/Third_Party/FatFs/src/ff.c.obj
 *fill*         0x0800639a        0x2 
 .text.clear_lock
                0x0800639c       0x48 cmake/stm32cubemx/CMakeFiles/FatFs.dir/__/__/Middlewares/Third_Party/FatFs/src/ff.c.obj
 .text.sync_window
                0x080063e4       0x88 cmake/stm32cubemx/CMakeFiles/FatFs.dir/__/__/Middlewares/Third_Party/FatFs/src/ff.c.obj
 .text.move_window
                0x0800646c       0x5a cmake/stm32cubemx/CMakeFiles/FatFs.dir/__/__/Middlewares/Third_Party/FatFs/src/ff.c.obj
 *fill*         0x080064c6        0x2 
 .text.get_ldnumber
                0x080064c8      0x108 cmake/stm32cubemx/CMakeFiles/FatFs.dir/__/__/Middlewares/Third_Party/FatFs/src/ff.c.obj
 .text.check_fs
                0x080065d0       0xac cmake/stm32cubemx/CMakeFiles/FatFs.dir/__/__/Middlewares/Third_Party/FatFs/src/ff.c.obj
 .text.find_volume
                0x0800667c      0x500 cmake/stm32cubemx/CMakeFiles/FatFs.dir/__/__/Middlewares/Third_Party/FatFs/src/ff.c.obj
 .text.f_mount  0x08006b7c       0x8c cmake/stm32cubemx/CMakeFiles/FatFs.dir/__/__/Middlewares/Third_Party/FatFs/src/ff.c.obj
                0x08006b7c                f_mount
 .text.f_mkfs   0x08006c08      0x890 cmake/stm32cubemx/CMakeFiles/FatFs.dir/__/__/Middlewares/Third_Party/FatFs/src/ff.c.obj
                0x08006c08                f_mkfs
 .text.FATFS_LinkDriverEx
                0x08007498       0x98 cmake/stm32cubemx/CMakeFiles/FatFs.dir/__/__/Middlewares/Third_Party/FatFs/src/ff_gen_drv.c.obj
                0x08007498                FATFS_LinkDriverEx
 .text.FATFS_LinkDriver
                0x08007530       0x1e cmake/stm32cubemx/CMakeFiles/FatFs.dir/__/__/Middlewares/Third_Party/FatFs/src/ff_gen_drv.c.obj
                0x08007530                FATFS_LinkDriver
 *fill*         0x0800754e        0x2 
 .text.fatfs_init
                0x08007550      0x188 CMakeFiles/Flow_Control_System.dir/FATFS/App/fatfs.c.obj
                0x08007550                fatfs_init
 .text.USER_initialize
                0x080076d8       0x44 CMakeFiles/Flow_Control_System.dir/FATFS/Target/user_diskio.c.obj
                0x080076d8                USER_initialize
 .text.USER_status
                0x0800771c       0x50 CMakeFiles/Flow_Control_System.dir/FATFS/Target/user_diskio.c.obj
                0x0800771c                USER_status
 .text.USER_read
                0x0800776c       0x3c CMakeFiles/Flow_Control_System.dir/FATFS/Target/user_diskio.c.obj
                0x0800776c                USER_read
 .text.USER_write
                0x080077a8       0x3c CMakeFiles/Flow_Control_System.dir/FATFS/Target/user_diskio.c.obj
                0x080077a8                USER_write
 .text.USER_ioctl
                0x080077e4       0x5c CMakeFiles/Flow_Control_System.dir/FATFS/Target/user_diskio.c.obj
                0x080077e4                USER_ioctl
 .text.main     0x08007840       0x28 CMakeFiles/Flow_Control_System.dir/Core/Src/main.c.obj
                0x08007840                main
 .text.SystemClock_Config
                0x08007868       0xd0 CMakeFiles/Flow_Control_System.dir/Core/Src/main.c.obj
                0x08007868                SystemClock_Config
 .text.HAL_TIM_PeriodElapsedCallback
                0x08007938       0x1e CMakeFiles/Flow_Control_System.dir/Core/Src/main.c.obj
                0x08007938                HAL_TIM_PeriodElapsedCallback
 .text.Error_Handler
                0x08007956        0xc CMakeFiles/Flow_Control_System.dir/Core/Src/main.c.obj
                0x08007956                Error_Handler
 .text.vApplicationIdleHook
                0x08007962        0xe CMakeFiles/Flow_Control_System.dir/Core/Src/freertos.c.obj
                0x08007962                vApplicationIdleHook
 .text.vApplicationStackOverflowHook
                0x08007970       0x16 CMakeFiles/Flow_Control_System.dir/Core/Src/freertos.c.obj
                0x08007970                vApplicationStackOverflowHook
 *fill*         0x08007986        0x2 
 .text.freertos_init
                0x08007988       0x24 CMakeFiles/Flow_Control_System.dir/Core/Src/freertos.c.obj
                0x08007988                freertos_init
 .text.StartDefaultTask
                0x080079ac       0x10 CMakeFiles/Flow_Control_System.dir/Core/Src/freertos.c.obj
                0x080079ac                StartDefaultTask
 .text.MX_ADC1_Init
                0x080079bc       0xa4 CMakeFiles/Flow_Control_System.dir/Core/Src/adc.c.obj
                0x080079bc                MX_ADC1_Init
 .text.HAL_ADC_MspInit
                0x08007a60       0x88 CMakeFiles/Flow_Control_System.dir/Core/Src/adc.c.obj
                0x08007a60                HAL_ADC_MspInit
 .text.HAL_TIM_Base_MspInit
                0x08007ae8       0xbc CMakeFiles/Flow_Control_System.dir/Core/Src/tim.c.obj
                0x08007ae8                HAL_TIM_Base_MspInit
 .text.NMI_Handler
                0x08007ba4        0x8 CMakeFiles/Flow_Control_System.dir/Core/Src/stm32f4xx_it.c.obj
                0x08007ba4                NMI_Handler
 .text.HardFault_Handler
                0x08007bac        0x8 CMakeFiles/Flow_Control_System.dir/Core/Src/stm32f4xx_it.c.obj
                0x08007bac                HardFault_Handler
 .text.MemManage_Handler
                0x08007bb4        0x8 CMakeFiles/Flow_Control_System.dir/Core/Src/stm32f4xx_it.c.obj
                0x08007bb4                MemManage_Handler
 .text.BusFault_Handler
                0x08007bbc        0x8 CMakeFiles/Flow_Control_System.dir/Core/Src/stm32f4xx_it.c.obj
                0x08007bbc                BusFault_Handler
 .text.UsageFault_Handler
                0x08007bc4        0x8 CMakeFiles/Flow_Control_System.dir/Core/Src/stm32f4xx_it.c.obj
                0x08007bc4                UsageFault_Handler
 .text.DebugMon_Handler
                0x08007bcc        0xe CMakeFiles/Flow_Control_System.dir/Core/Src/stm32f4xx_it.c.obj
                0x08007bcc                DebugMon_Handler
 *fill*         0x08007bda        0x2 
 .text.DMA1_Stream4_IRQHandler
                0x08007bdc       0x1c CMakeFiles/Flow_Control_System.dir/Core/Src/stm32f4xx_it.c.obj
                0x08007bdc                DMA1_Stream4_IRQHandler
 .text.TIM2_IRQHandler
                0x08007bf8       0x14 CMakeFiles/Flow_Control_System.dir/Core/Src/stm32f4xx_it.c.obj
                0x08007bf8                TIM2_IRQHandler
 .text.USART1_IRQHandler
                0x08007c0c       0x14 CMakeFiles/Flow_Control_System.dir/Core/Src/stm32f4xx_it.c.obj
                0x08007c0c                USART1_IRQHandler
 .text.HAL_MspInit
                0x08007c20       0x58 CMakeFiles/Flow_Control_System.dir/Core/Src/stm32f4xx_hal_msp.c.obj
                0x08007c20                HAL_MspInit
 .text.HAL_InitTick
                0x08007c78       0xf8 CMakeFiles/Flow_Control_System.dir/Core/Src/stm32f4xx_hal_timebase_tim.c.obj
                0x08007c78                HAL_InitTick
 .text._sbrk    0x08007d70       0x6c CMakeFiles/Flow_Control_System.dir/Core/Src/sysmem.c.obj
                0x08007d70                _sbrk
 .text.Reset_Handler
                0x08007ddc       0x50 CMakeFiles/Flow_Control_System.dir/startup_stm32f411xe.s.obj
                0x08007ddc                Reset_Handler
 .text.Default_Handler
                0x08007e2c        0x2 CMakeFiles/Flow_Control_System.dir/startup_stm32f411xe.s.obj
                0x08007e2c                RTC_Alarm_IRQHandler
                0x08007e2c                EXTI2_IRQHandler
                0x08007e2c                SPI4_IRQHandler
                0x08007e2c                TIM1_CC_IRQHandler
                0x08007e2c                DMA2_Stream5_IRQHandler
                0x08007e2c                DMA1_Stream5_IRQHandler
                0x08007e2c                PVD_IRQHandler
                0x08007e2c                SDIO_IRQHandler
                0x08007e2c                TAMP_STAMP_IRQHandler
                0x08007e2c                EXTI3_IRQHandler
                0x08007e2c                TIM1_UP_TIM10_IRQHandler
                0x08007e2c                I2C3_ER_IRQHandler
                0x08007e2c                EXTI0_IRQHandler
                0x08007e2c                I2C2_EV_IRQHandler
                0x08007e2c                DMA1_Stream2_IRQHandler
                0x08007e2c                FPU_IRQHandler
                0x08007e2c                DMA2_Stream2_IRQHandler
                0x08007e2c                SPI1_IRQHandler
                0x08007e2c                TIM1_BRK_TIM9_IRQHandler
                0x08007e2c                DMA2_Stream3_IRQHandler
                0x08007e2c                USART6_IRQHandler
                0x08007e2c                DMA2_Stream0_IRQHandler
                0x08007e2c                TIM4_IRQHandler
                0x08007e2c                I2C1_EV_IRQHandler
                0x08007e2c                DMA1_Stream6_IRQHandler
                0x08007e2c                DMA1_Stream1_IRQHandler
                0x08007e2c                TIM3_IRQHandler
                0x08007e2c                RCC_IRQHandler
                0x08007e2c                Default_Handler
                0x08007e2c                EXTI15_10_IRQHandler
                0x08007e2c                ADC_IRQHandler
                0x08007e2c                DMA1_Stream7_IRQHandler
                0x08007e2c                SPI5_IRQHandler
                0x08007e2c                TIM5_IRQHandler
                0x08007e2c                DMA2_Stream7_IRQHandler
                0x08007e2c                I2C3_EV_IRQHandler
                0x08007e2c                EXTI9_5_IRQHandler
                0x08007e2c                RTC_WKUP_IRQHandler
                0x08007e2c                SPI2_IRQHandler
                0x08007e2c                DMA1_Stream0_IRQHandler
                0x08007e2c                EXTI4_IRQHandler
                0x08007e2c                WWDG_IRQHandler
                0x08007e2c                OTG_FS_WKUP_IRQHandler
                0x08007e2c                TIM1_TRG_COM_TIM11_IRQHandler
                0x08007e2c                EXTI1_IRQHandler
                0x08007e2c                USART2_IRQHandler
                0x08007e2c                I2C2_ER_IRQHandler
                0x08007e2c                DMA2_Stream1_IRQHandler
                0x08007e2c                FLASH_IRQHandler
                0x08007e2c                DMA2_Stream4_IRQHandler
                0x08007e2c                OTG_FS_IRQHandler
                0x08007e2c                SPI3_IRQHandler
                0x08007e2c                I2C1_ER_IRQHandler
                0x08007e2c                DMA2_Stream6_IRQHandler
                0x08007e2c                DMA1_Stream3_IRQHandler
 *fill*         0x08007e2e        0x2 
 .text.ips160_write_command
                0x08007e30       0x5c CMakeFiles/Flow_Control_System.dir/Hardware_Drivers/src/ips_160.c.obj
 .text.ips160_write_8bit_data
                0x08007e8c       0x40 CMakeFiles/Flow_Control_System.dir/Hardware_Drivers/src/ips_160.c.obj
 .text.ips160_set_brightness
                0x08007ecc       0x2c CMakeFiles/Flow_Control_System.dir/Hardware_Drivers/src/ips_160.c.obj
                0x08007ecc                ips160_set_brightness
 .text.ips160_write_16bit_data
                0x08007ef8       0x4c CMakeFiles/Flow_Control_System.dir/Hardware_Drivers/src/ips_160.c.obj
                0x08007ef8                ips160_write_16bit_data
 .text.ips160_set_region
                0x08007f44      0x13c CMakeFiles/Flow_Control_System.dir/Hardware_Drivers/src/ips_160.c.obj
 .text.ips160_clear
                0x08008080      0x100 CMakeFiles/Flow_Control_System.dir/Hardware_Drivers/src/ips_160.c.obj
                0x08008080                ips160_clear
 .text.ips160_set_dir
                0x08008180       0x5c CMakeFiles/Flow_Control_System.dir/Hardware_Drivers/src/ips_160.c.obj
                0x08008180                ips160_set_dir
 .text.ips160_set_color
                0x080081dc       0x30 CMakeFiles/Flow_Control_System.dir/Hardware_Drivers/src/ips_160.c.obj
                0x080081dc                ips160_set_color
 .text.get_font_model
                0x0800820c       0x88 CMakeFiles/Flow_Control_System.dir/Hardware_Drivers/src/ips_160.c.obj
 .text.ips160_show_char
                0x08008294       0xbc CMakeFiles/Flow_Control_System.dir/Hardware_Drivers/src/ips_160.c.obj
                0x08008294                ips160_show_char
 .text.ips160_show_string
                0x08008350       0xf0 CMakeFiles/Flow_Control_System.dir/Hardware_Drivers/src/ips_160.c.obj
                0x08008350                ips160_show_string
 .text.ips160_show_uint
                0x08008440       0x94 CMakeFiles/Flow_Control_System.dir/Hardware_Drivers/src/ips_160.c.obj
                0x08008440                ips160_show_uint
 .text.ips160_init
                0x080084d4      0x270 CMakeFiles/Flow_Control_System.dir/Hardware_Drivers/src/ips_160.c.obj
                0x080084d4                ips160_init
 .text.peripheral_init
                0x08008744       0x12 CMakeFiles/Flow_Control_System.dir/Hardware_Drivers/src/peripheral_init.c.obj
                0x08008744                peripheral_init
 *fill*         0x08008756        0x2 
 .text.w25qxx_flash_spi_read_write_byte
                0x08008758       0x3c CMakeFiles/Flow_Control_System.dir/Hardware_Drivers/src/w25qxx_flash.c.obj
 .text.w25qxx_flash_init
                0x08008794       0x64 CMakeFiles/Flow_Control_System.dir/Hardware_Drivers/src/w25qxx_flash.c.obj
                0x08008794                w25qxx_flash_init
 .text.w25qxx_flash_read_SR
                0x080087f8       0x3c CMakeFiles/Flow_Control_System.dir/Hardware_Drivers/src/w25qxx_flash.c.obj
                0x080087f8                w25qxx_flash_read_SR
 .text.w25qxx_flash_write_enable
                0x08008834       0x28 CMakeFiles/Flow_Control_System.dir/Hardware_Drivers/src/w25qxx_flash.c.obj
                0x08008834                w25qxx_flash_write_enable
 .text.w25qxx_flash_read_ID
                0x0800885c       0x6c CMakeFiles/Flow_Control_System.dir/Hardware_Drivers/src/w25qxx_flash.c.obj
                0x0800885c                w25qxx_flash_read_ID
 .text.w25qxx_flash_read_capacity
                0x080088c8       0x7c CMakeFiles/Flow_Control_System.dir/Hardware_Drivers/src/w25qxx_flash.c.obj
                0x080088c8                w25qxx_flash_read_capacity
 .text.w25qxx_flash_read_UID
                0x08008944       0x6c CMakeFiles/Flow_Control_System.dir/Hardware_Drivers/src/w25qxx_flash.c.obj
                0x08008944                w25qxx_flash_read_UID
 .text.w25qxx_flash_read
                0x080089b0       0x7c CMakeFiles/Flow_Control_System.dir/Hardware_Drivers/src/w25qxx_flash.c.obj
                0x080089b0                w25qxx_flash_read
 .text.w25qxx_flash_write_page
                0x08008a2c       0x80 CMakeFiles/Flow_Control_System.dir/Hardware_Drivers/src/w25qxx_flash.c.obj
                0x08008a2c                w25qxx_flash_write_page
 .text.w25qxx_flash_write_no_check
                0x08008aac       0x74 CMakeFiles/Flow_Control_System.dir/Hardware_Drivers/src/w25qxx_flash.c.obj
                0x08008aac                w25qxx_flash_write_no_check
 .text.w25qxx_flash_write
                0x08008b20      0x114 CMakeFiles/Flow_Control_System.dir/Hardware_Drivers/src/w25qxx_flash.c.obj
                0x08008b20                w25qxx_flash_write
 .text.w25qxx_flash_erase_sector
                0x08008c34       0x64 CMakeFiles/Flow_Control_System.dir/Hardware_Drivers/src/w25qxx_flash.c.obj
                0x08008c34                w25qxx_flash_erase_sector
 .text.w25qxx_flash_wait_busy
                0x08008c98       0x1a CMakeFiles/Flow_Control_System.dir/Hardware_Drivers/src/w25qxx_flash.c.obj
                0x08008c98                w25qxx_flash_wait_busy
 *fill*         0x08008cb2        0x2 
 .text.func_uint_to_str
                0x08008cb4       0x94 CMakeFiles/Flow_Control_System.dir/zf_libraries/src/zf_common_function.c.obj
                0x08008cb4                func_uint_to_str
 .text.__udivmoddi4
                0x08008d48      0x2f8 D:/ARMGNU~1/14EFD8~1.2RE/bin/../lib/gcc/arm-none-eabi/14.2.1/thumb/v7e-m+fp/hard\libgcc.a(_udivmoddi4.o)
                0x08008d48                __udivmoddi4
 .text.malloc   0x08009040       0x10 D:/ARMGNU~1/14EFD8~1.2RE/bin/../lib/gcc/arm-none-eabi/14.2.1/thumb/v7e-m+fp/hard\libg_nano.a(libc_a-malloc.o)
                0x08009040                malloc
 .text.free     0x08009050       0x10 D:/ARMGNU~1/14EFD8~1.2RE/bin/../lib/gcc/arm-none-eabi/14.2.1/thumb/v7e-m+fp/hard\libg_nano.a(libc_a-malloc.o)
                0x08009050                free
 .text.__errno  0x08009060        0xc D:/ARMGNU~1/14EFD8~1.2RE/bin/../lib/gcc/arm-none-eabi/14.2.1/thumb/v7e-m+fp/hard\libg_nano.a(libc_a-errno.o)
                0x08009060                __errno
 .text.memcpy   0x0800906c       0x1c D:/ARMGNU~1/14EFD8~1.2RE/bin/../lib/gcc/arm-none-eabi/14.2.1/thumb/v7e-m+fp/hard\libg_nano.a(libc_a-memcpy-stub.o)
                0x0800906c                memcpy
 *(.glue_7)
 .glue_7        0x08009088        0x0 linker stubs
 *(.glue_7t)
 .glue_7t       0x08009088        0x0 linker stubs
 *(.eh_frame)
 .eh_frame      0x08009088        0x0 D:/ARMGNU~1/14EFD8~1.2RE/bin/../lib/gcc/arm-none-eabi/14.2.1/thumb/v7e-m+fp/hard/crtbegin.o
 *(.init)
 .init          0x08009088        0x4 D:/ARMGNU~1/14EFD8~1.2RE/bin/../lib/gcc/arm-none-eabi/14.2.1/thumb/v7e-m+fp/hard/crti.o
                0x08009088                _init
 .init          0x0800908c        0x8 D:/ARMGNU~1/14EFD8~1.2RE/bin/../lib/gcc/arm-none-eabi/14.2.1/thumb/v7e-m+fp/hard/crtn.o
 *(.fini)
 .fini          0x08009094        0x4 D:/ARMGNU~1/14EFD8~1.2RE/bin/../lib/gcc/arm-none-eabi/14.2.1/thumb/v7e-m+fp/hard/crti.o
                0x08009094                _fini
 .fini          0x08009098        0x8 D:/ARMGNU~1/14EFD8~1.2RE/bin/../lib/gcc/arm-none-eabi/14.2.1/thumb/v7e-m+fp/hard/crtn.o
                0x080090a0                        . = ALIGN (0x4)
                0x080090a0                        _etext = .

.vfp11_veneer   0x080090a0        0x0
 .vfp11_veneer  0x080090a0        0x0 linker stubs

.v4_bx          0x080090a0        0x0
 .v4_bx         0x080090a0        0x0 linker stubs

.iplt           0x080090a0        0x0
 .iplt          0x080090a0        0x0 D:/ARMGNU~1/14EFD8~1.2RE/bin/../lib/gcc/arm-none-eabi/14.2.1/thumb/v7e-m+fp/hard/crtbegin.o

.rodata         0x080090a0      0x3e8
                0x080090a0                        . = ALIGN (0x4)
 *(.rodata)
 .rodata        0x080090a0        0x5 cmake/stm32cubemx/CMakeFiles/FreeRTOS.dir/__/__/Middlewares/Third_Party/FreeRTOS/Source/tasks.c.obj
 *fill*         0x080090a5        0x3 
 .rodata        0x080090a8        0xd cmake/stm32cubemx/CMakeFiles/FreeRTOS.dir/__/__/Middlewares/Third_Party/FreeRTOS/Source/timers.c.obj
 *fill*         0x080090b5        0x3 
 .rodata        0x080090b8       0x4e cmake/stm32cubemx/CMakeFiles/FatFs.dir/__/__/Middlewares/Third_Party/FatFs/src/ff.c.obj
 *fill*         0x08009106        0x2 
 .rodata        0x08009108       0xeb CMakeFiles/Flow_Control_System.dir/FATFS/App/fatfs.c.obj
 *fill*         0x080091f3        0x1 
 .rodata        0x080091f4        0xc CMakeFiles/Flow_Control_System.dir/Core/Src/freertos.c.obj
 *(.rodata*)
 .rodata.AHBPrescTable
                0x08009200       0x10 cmake/stm32cubemx/CMakeFiles/STM32_Drivers.dir/__/__/Core/Src/system_stm32f4xx.c.obj
                0x08009200                AHBPrescTable
 .rodata.APBPrescTable
                0x08009210        0x8 cmake/stm32cubemx/CMakeFiles/STM32_Drivers.dir/__/__/Core/Src/system_stm32f4xx.c.obj
                0x08009210                APBPrescTable
 .rodata.volid.2
                0x08009218        0x4 cmake/stm32cubemx/CMakeFiles/FatFs.dir/__/__/Middlewares/Third_Party/FatFs/src/ff.c.obj
 .rodata.cst32.1
                0x0800921c        0xe cmake/stm32cubemx/CMakeFiles/FatFs.dir/__/__/Middlewares/Third_Party/FatFs/src/ff.c.obj
 *fill*         0x0800922a        0x2 
 .rodata.cst.0  0x0800922c        0xe cmake/stm32cubemx/CMakeFiles/FatFs.dir/__/__/Middlewares/Third_Party/FatFs/src/ff.c.obj
 *fill*         0x0800923a        0x2 
 .rodata.defaultTask_attributes
                0x0800923c       0x24 CMakeFiles/Flow_Control_System.dir/Core/Src/freertos.c.obj
                0x0800923c                defaultTask_attributes
 .rodata.ascii_font_6x8
                0x08009260      0x228 CMakeFiles/Flow_Control_System.dir/zf_libraries/src/font.c.obj
                0x08009260                ascii_font_6x8
                0x08009488                        . = ALIGN (0x4)

.ARM.extab      0x08009488        0x0
                0x08009488                        . = ALIGN (0x4)
 *(.ARM.extab* .gnu.linkonce.armextab.*)
                0x08009488                        . = ALIGN (0x4)

.ARM            0x08009488        0x8
                0x08009488                        . = ALIGN (0x4)
                0x08009488                        __exidx_start = .
 *(.ARM.exidx*)
 .ARM.exidx.text.__udivmoddi4
                0x08009488        0x8 D:/ARMGNU~1/14EFD8~1.2RE/bin/../lib/gcc/arm-none-eabi/14.2.1/thumb/v7e-m+fp/hard\libgcc.a(_udivmoddi4.o)
                0x08009490                        __exidx_end = .
                0x08009490                        . = ALIGN (0x4)

.preinit_array  0x08009490        0x0
                0x08009490                        . = ALIGN (0x4)
                0x08009490                        PROVIDE (__preinit_array_start = .)
 *(.preinit_array*)
                0x08009490                        PROVIDE (__preinit_array_end = .)
                0x08009490                        . = ALIGN (0x4)

.init_array     0x08009490        0x4
                0x08009490                        . = ALIGN (0x4)
                0x08009490                        PROVIDE (__init_array_start = .)
 *(SORT_BY_NAME(.init_array.*))
 *(.init_array*)
 .init_array    0x08009490        0x4 D:/ARMGNU~1/14EFD8~1.2RE/bin/../lib/gcc/arm-none-eabi/14.2.1/thumb/v7e-m+fp/hard/crtbegin.o
                0x08009494                        PROVIDE (__init_array_end = .)
                0x08009494                        . = ALIGN (0x4)

.fini_array     0x08009494        0x4
                0x08009494                        . = ALIGN (0x4)
                [!provide]                        PROVIDE (__fini_array_start = .)
 *(SORT_BY_NAME(.fini_array.*))
 *(.fini_array*)
 .fini_array    0x08009494        0x4 D:/ARMGNU~1/14EFD8~1.2RE/bin/../lib/gcc/arm-none-eabi/14.2.1/thumb/v7e-m+fp/hard/crtbegin.o
                [!provide]                        PROVIDE (__fini_array_end = .)
                0x08009498                        . = ALIGN (0x4)
                0x08009498                        _sidata = LOADADDR (.data)

.rel.dyn        0x08009498        0x0
 .rel.iplt      0x08009498        0x0 D:/ARMGNU~1/14EFD8~1.2RE/bin/../lib/gcc/arm-none-eabi/14.2.1/thumb/v7e-m+fp/hard/crtbegin.o

.data           0x20000000       0x84 load address 0x08009498
                0x20000000                        . = ALIGN (0x4)
                0x20000000                        _sdata = .
 *(.data)
 *(.data*)
 .data._impure_ptr
                0x20000000        0x4 D:/ARMGNU~1/14EFD8~1.2RE/bin/../lib/gcc/arm-none-eabi/14.2.1/thumb/v7e-m+fp/hard\libc_nano.a(libc_a-impure.o)
                0x20000000                _impure_ptr
 .data._impure_data
                0x20000004       0x4c D:/ARMGNU~1/14EFD8~1.2RE/bin/../lib/gcc/arm-none-eabi/14.2.1/thumb/v7e-m+fp/hard\libc_nano.a(libc_a-impure.o)
                0x20000004                _impure_data
 .data.SystemCoreClock
                0x20000050        0x4 cmake/stm32cubemx/CMakeFiles/STM32_Drivers.dir/__/__/Core/Src/system_stm32f4xx.c.obj
                0x20000050                SystemCoreClock
 .data.uwTickPrio
                0x20000054        0x4 cmake/stm32cubemx/CMakeFiles/STM32_Drivers.dir/__/__/Drivers/STM32F4xx_HAL_Driver/Src/stm32f4xx_hal.c.obj
                0x20000054                uwTickPrio
 .data.uwTickFreq
                0x20000058        0x1 cmake/stm32cubemx/CMakeFiles/STM32_Drivers.dir/__/__/Drivers/STM32F4xx_HAL_Driver/Src/stm32f4xx_hal.c.obj
                0x20000058                uwTickFreq
 *fill*         0x20000059        0x3 
 .data.uxCriticalNesting
                0x2000005c        0x4 cmake/stm32cubemx/CMakeFiles/FreeRTOS.dir/__/__/Middlewares/Third_Party/FreeRTOS/Source/portable/GCC/ARM_CM4F/port.c.obj
 .data.Stat     0x20000060        0x1 CMakeFiles/Flow_Control_System.dir/FATFS/Target/user_diskio.c.obj
 *fill*         0x20000061        0x3 
 .data.USER_Driver
                0x20000064       0x14 CMakeFiles/Flow_Control_System.dir/FATFS/Target/user_diskio.c.obj
                0x20000064                USER_Driver
 .data.ips160_pencolor
                0x20000078        0x2 CMakeFiles/Flow_Control_System.dir/Hardware_Drivers/src/ips_160.c.obj
 .data.ips160_bgcolor
                0x2000007a        0x2 CMakeFiles/Flow_Control_System.dir/Hardware_Drivers/src/ips_160.c.obj
 .data.ips160_display_dir
                0x2000007c        0x1 CMakeFiles/Flow_Control_System.dir/Hardware_Drivers/src/ips_160.c.obj
 *fill*         0x2000007d        0x1 
 .data.ips160_x_max
                0x2000007e        0x2 CMakeFiles/Flow_Control_System.dir/Hardware_Drivers/src/ips_160.c.obj
 .data.ips160_y_max
                0x20000080        0x2 CMakeFiles/Flow_Control_System.dir/Hardware_Drivers/src/ips_160.c.obj
 *(.RamFunc)
 *(.RamFunc*)
                0x20000084                        . = ALIGN (0x4)
 *fill*         0x20000082        0x2 
                0x20000084                        _edata = .

.tm_clone_table
                0x20000084        0x0 load address 0x0800951c
 .tm_clone_table
                0x20000084        0x0 D:/ARMGNU~1/14EFD8~1.2RE/bin/../lib/gcc/arm-none-eabi/14.2.1/thumb/v7e-m+fp/hard/crtbegin.o
 .tm_clone_table
                0x20000084        0x0 D:/ARMGNU~1/14EFD8~1.2RE/bin/../lib/gcc/arm-none-eabi/14.2.1/thumb/v7e-m+fp/hard/crtend.o

.igot.plt       0x20000084        0x0 load address 0x0800951c
 .igot.plt      0x20000084        0x0 D:/ARMGNU~1/14EFD8~1.2RE/bin/../lib/gcc/arm-none-eabi/14.2.1/thumb/v7e-m+fp/hard/crtbegin.o
                0x20000084                        . = ALIGN (0x4)

.bss            0x20000084     0x6d74 load address 0x0800951c
                0x20000084                        _sbss = .
                0x20000084                        __bss_start__ = _sbss
 *(.bss)
 *(.bss*)
 .bss.completed.1
                0x20000084        0x1 D:/ARMGNU~1/14EFD8~1.2RE/bin/../lib/gcc/arm-none-eabi/14.2.1/thumb/v7e-m+fp/hard/crtbegin.o
 *fill*         0x20000085        0x3 
 .bss.object.0  0x20000088       0x18 D:/ARMGNU~1/14EFD8~1.2RE/bin/../lib/gcc/arm-none-eabi/14.2.1/thumb/v7e-m+fp/hard/crtbegin.o
 .bss.__sf      0x200000a0      0x138 D:/ARMGNU~1/14EFD8~1.2RE/bin/../lib/gcc/arm-none-eabi/14.2.1/thumb/v7e-m+fp/hard\libc_nano.a(libc_a-findfp.o)
                0x200000a0                __sf
 .bss.errno     0x200001d8        0x4 D:/ARMGNU~1/14EFD8~1.2RE/bin/../lib/gcc/arm-none-eabi/14.2.1/thumb/v7e-m+fp/hard\libc_nano.a(libc_a-reent.o)
                0x200001d8                errno
 .bss.__lock___malloc_recursive_mutex
                0x200001dc        0x1 D:/ARMGNU~1/14EFD8~1.2RE/bin/../lib/gcc/arm-none-eabi/14.2.1/thumb/v7e-m+fp/hard\libc_nano.a(libc_a-lock.o)
                0x200001dc                __lock___malloc_recursive_mutex
 *fill*         0x200001dd        0x3 
 .bss.__malloc_sbrk_start
                0x200001e0        0x4 D:/ARMGNU~1/14EFD8~1.2RE/bin/../lib/gcc/arm-none-eabi/14.2.1/thumb/v7e-m+fp/hard\libc_nano.a(libc_a-mallocr.o)
                0x200001e0                __malloc_sbrk_start
 .bss.__malloc_free_list
                0x200001e4        0x4 D:/ARMGNU~1/14EFD8~1.2RE/bin/../lib/gcc/arm-none-eabi/14.2.1/thumb/v7e-m+fp/hard\libc_nano.a(libc_a-mallocr.o)
                0x200001e4                __malloc_free_list
 .bss.uwTick    0x200001e8        0x4 cmake/stm32cubemx/CMakeFiles/STM32_Drivers.dir/__/__/Drivers/STM32F4xx_HAL_Driver/Src/stm32f4xx_hal.c.obj
                0x200001e8                uwTick
 .bss.xQueueRegistry
                0x200001ec       0x40 cmake/stm32cubemx/CMakeFiles/FreeRTOS.dir/__/__/Middlewares/Third_Party/FreeRTOS/Source/queue.c.obj
                0x200001ec                xQueueRegistry
 .bss.pxCurrentTCB
                0x2000022c        0x4 cmake/stm32cubemx/CMakeFiles/FreeRTOS.dir/__/__/Middlewares/Third_Party/FreeRTOS/Source/tasks.c.obj
                0x2000022c                pxCurrentTCB
 .bss.pxReadyTasksLists
                0x20000230      0x460 cmake/stm32cubemx/CMakeFiles/FreeRTOS.dir/__/__/Middlewares/Third_Party/FreeRTOS/Source/tasks.c.obj
 .bss.xDelayedTaskList1
                0x20000690       0x14 cmake/stm32cubemx/CMakeFiles/FreeRTOS.dir/__/__/Middlewares/Third_Party/FreeRTOS/Source/tasks.c.obj
 .bss.xDelayedTaskList2
                0x200006a4       0x14 cmake/stm32cubemx/CMakeFiles/FreeRTOS.dir/__/__/Middlewares/Third_Party/FreeRTOS/Source/tasks.c.obj
 .bss.pxDelayedTaskList
                0x200006b8        0x4 cmake/stm32cubemx/CMakeFiles/FreeRTOS.dir/__/__/Middlewares/Third_Party/FreeRTOS/Source/tasks.c.obj
 .bss.pxOverflowDelayedTaskList
                0x200006bc        0x4 cmake/stm32cubemx/CMakeFiles/FreeRTOS.dir/__/__/Middlewares/Third_Party/FreeRTOS/Source/tasks.c.obj
 .bss.xPendingReadyList
                0x200006c0       0x14 cmake/stm32cubemx/CMakeFiles/FreeRTOS.dir/__/__/Middlewares/Third_Party/FreeRTOS/Source/tasks.c.obj
 .bss.xTasksWaitingTermination
                0x200006d4       0x14 cmake/stm32cubemx/CMakeFiles/FreeRTOS.dir/__/__/Middlewares/Third_Party/FreeRTOS/Source/tasks.c.obj
 .bss.uxDeletedTasksWaitingCleanUp
                0x200006e8        0x4 cmake/stm32cubemx/CMakeFiles/FreeRTOS.dir/__/__/Middlewares/Third_Party/FreeRTOS/Source/tasks.c.obj
 .bss.xSuspendedTaskList
                0x200006ec       0x14 cmake/stm32cubemx/CMakeFiles/FreeRTOS.dir/__/__/Middlewares/Third_Party/FreeRTOS/Source/tasks.c.obj
 .bss.uxCurrentNumberOfTasks
                0x20000700        0x4 cmake/stm32cubemx/CMakeFiles/FreeRTOS.dir/__/__/Middlewares/Third_Party/FreeRTOS/Source/tasks.c.obj
 .bss.xTickCount
                0x20000704        0x4 cmake/stm32cubemx/CMakeFiles/FreeRTOS.dir/__/__/Middlewares/Third_Party/FreeRTOS/Source/tasks.c.obj
 .bss.uxTopReadyPriority
                0x20000708        0x4 cmake/stm32cubemx/CMakeFiles/FreeRTOS.dir/__/__/Middlewares/Third_Party/FreeRTOS/Source/tasks.c.obj
 .bss.xSchedulerRunning
                0x2000070c        0x4 cmake/stm32cubemx/CMakeFiles/FreeRTOS.dir/__/__/Middlewares/Third_Party/FreeRTOS/Source/tasks.c.obj
 .bss.xPendedTicks
                0x20000710        0x4 cmake/stm32cubemx/CMakeFiles/FreeRTOS.dir/__/__/Middlewares/Third_Party/FreeRTOS/Source/tasks.c.obj
 .bss.xYieldPending
                0x20000714        0x4 cmake/stm32cubemx/CMakeFiles/FreeRTOS.dir/__/__/Middlewares/Third_Party/FreeRTOS/Source/tasks.c.obj
 .bss.xNumOfOverflows
                0x20000718        0x4 cmake/stm32cubemx/CMakeFiles/FreeRTOS.dir/__/__/Middlewares/Third_Party/FreeRTOS/Source/tasks.c.obj
 .bss.uxTaskNumber
                0x2000071c        0x4 cmake/stm32cubemx/CMakeFiles/FreeRTOS.dir/__/__/Middlewares/Third_Party/FreeRTOS/Source/tasks.c.obj
 .bss.xNextTaskUnblockTime
                0x20000720        0x4 cmake/stm32cubemx/CMakeFiles/FreeRTOS.dir/__/__/Middlewares/Third_Party/FreeRTOS/Source/tasks.c.obj
 .bss.xIdleTaskHandle
                0x20000724        0x4 cmake/stm32cubemx/CMakeFiles/FreeRTOS.dir/__/__/Middlewares/Third_Party/FreeRTOS/Source/tasks.c.obj
 .bss.uxSchedulerSuspended
                0x20000728        0x4 cmake/stm32cubemx/CMakeFiles/FreeRTOS.dir/__/__/Middlewares/Third_Party/FreeRTOS/Source/tasks.c.obj
 .bss.xActiveTimerList1
                0x2000072c       0x14 cmake/stm32cubemx/CMakeFiles/FreeRTOS.dir/__/__/Middlewares/Third_Party/FreeRTOS/Source/timers.c.obj
 .bss.xActiveTimerList2
                0x20000740       0x14 cmake/stm32cubemx/CMakeFiles/FreeRTOS.dir/__/__/Middlewares/Third_Party/FreeRTOS/Source/timers.c.obj
 .bss.pxCurrentTimerList
                0x20000754        0x4 cmake/stm32cubemx/CMakeFiles/FreeRTOS.dir/__/__/Middlewares/Third_Party/FreeRTOS/Source/timers.c.obj
 .bss.pxOverflowTimerList
                0x20000758        0x4 cmake/stm32cubemx/CMakeFiles/FreeRTOS.dir/__/__/Middlewares/Third_Party/FreeRTOS/Source/timers.c.obj
 .bss.xTimerQueue
                0x2000075c        0x4 cmake/stm32cubemx/CMakeFiles/FreeRTOS.dir/__/__/Middlewares/Third_Party/FreeRTOS/Source/timers.c.obj
 .bss.xTimerTaskHandle
                0x20000760        0x4 cmake/stm32cubemx/CMakeFiles/FreeRTOS.dir/__/__/Middlewares/Third_Party/FreeRTOS/Source/timers.c.obj
 .bss.xLastTime.2
                0x20000764        0x4 cmake/stm32cubemx/CMakeFiles/FreeRTOS.dir/__/__/Middlewares/Third_Party/FreeRTOS/Source/timers.c.obj
 .bss.ucStaticTimerQueueStorage.1
                0x20000768       0xa0 cmake/stm32cubemx/CMakeFiles/FreeRTOS.dir/__/__/Middlewares/Third_Party/FreeRTOS/Source/timers.c.obj
 .bss.xStaticTimerQueue.0
                0x20000808       0x50 cmake/stm32cubemx/CMakeFiles/FreeRTOS.dir/__/__/Middlewares/Third_Party/FreeRTOS/Source/timers.c.obj
 .bss.KernelState
                0x20000858        0x4 cmake/stm32cubemx/CMakeFiles/FreeRTOS.dir/__/__/Middlewares/Third_Party/FreeRTOS/Source/CMSIS_RTOS_V2/cmsis_os2.c.obj
 .bss.Idle_TCB.3
                0x2000085c       0x5c cmake/stm32cubemx/CMakeFiles/FreeRTOS.dir/__/__/Middlewares/Third_Party/FreeRTOS/Source/CMSIS_RTOS_V2/cmsis_os2.c.obj
 .bss.Idle_Stack.2
                0x200008b8      0x200 cmake/stm32cubemx/CMakeFiles/FreeRTOS.dir/__/__/Middlewares/Third_Party/FreeRTOS/Source/CMSIS_RTOS_V2/cmsis_os2.c.obj
 .bss.Timer_TCB.1
                0x20000ab8       0x5c cmake/stm32cubemx/CMakeFiles/FreeRTOS.dir/__/__/Middlewares/Third_Party/FreeRTOS/Source/CMSIS_RTOS_V2/cmsis_os2.c.obj
 .bss.Timer_Stack.0
                0x20000b14      0x400 cmake/stm32cubemx/CMakeFiles/FreeRTOS.dir/__/__/Middlewares/Third_Party/FreeRTOS/Source/CMSIS_RTOS_V2/cmsis_os2.c.obj
 .bss.ucHeap    0x20000f14     0x3c00 cmake/stm32cubemx/CMakeFiles/FreeRTOS.dir/__/__/Middlewares/Third_Party/FreeRTOS/Source/portable/MemMang/heap_4.c.obj
 .bss.xStart    0x20004b14        0x8 cmake/stm32cubemx/CMakeFiles/FreeRTOS.dir/__/__/Middlewares/Third_Party/FreeRTOS/Source/portable/MemMang/heap_4.c.obj
 .bss.pxEnd     0x20004b1c        0x4 cmake/stm32cubemx/CMakeFiles/FreeRTOS.dir/__/__/Middlewares/Third_Party/FreeRTOS/Source/portable/MemMang/heap_4.c.obj
 .bss.xFreeBytesRemaining
                0x20004b20        0x4 cmake/stm32cubemx/CMakeFiles/FreeRTOS.dir/__/__/Middlewares/Third_Party/FreeRTOS/Source/portable/MemMang/heap_4.c.obj
 .bss.xMinimumEverFreeBytesRemaining
                0x20004b24        0x4 cmake/stm32cubemx/CMakeFiles/FreeRTOS.dir/__/__/Middlewares/Third_Party/FreeRTOS/Source/portable/MemMang/heap_4.c.obj
 .bss.xNumberOfSuccessfulAllocations
                0x20004b28        0x4 cmake/stm32cubemx/CMakeFiles/FreeRTOS.dir/__/__/Middlewares/Third_Party/FreeRTOS/Source/portable/MemMang/heap_4.c.obj
 .bss.xNumberOfSuccessfulFrees
                0x20004b2c        0x4 cmake/stm32cubemx/CMakeFiles/FreeRTOS.dir/__/__/Middlewares/Third_Party/FreeRTOS/Source/portable/MemMang/heap_4.c.obj
 .bss.xBlockAllocatedBit
                0x20004b30        0x4 cmake/stm32cubemx/CMakeFiles/FreeRTOS.dir/__/__/Middlewares/Third_Party/FreeRTOS/Source/portable/MemMang/heap_4.c.obj
 .bss.ucMaxSysCallPriority
                0x20004b34        0x1 cmake/stm32cubemx/CMakeFiles/FreeRTOS.dir/__/__/Middlewares/Third_Party/FreeRTOS/Source/portable/GCC/ARM_CM4F/port.c.obj
 *fill*         0x20004b35        0x3 
 .bss.ulMaxPRIGROUPValue
                0x20004b38        0x4 cmake/stm32cubemx/CMakeFiles/FreeRTOS.dir/__/__/Middlewares/Third_Party/FreeRTOS/Source/portable/GCC/ARM_CM4F/port.c.obj
 .bss.FatFs     0x20004b3c        0x4 cmake/stm32cubemx/CMakeFiles/FatFs.dir/__/__/Middlewares/Third_Party/FatFs/src/ff.c.obj
 .bss.Fsid      0x20004b40        0x2 cmake/stm32cubemx/CMakeFiles/FatFs.dir/__/__/Middlewares/Third_Party/FatFs/src/ff.c.obj
 *fill*         0x20004b42        0x2 
 .bss.Files     0x20004b44       0x20 cmake/stm32cubemx/CMakeFiles/FatFs.dir/__/__/Middlewares/Third_Party/FatFs/src/ff.c.obj
 .bss.disk      0x20004b64        0xc cmake/stm32cubemx/CMakeFiles/FatFs.dir/__/__/Middlewares/Third_Party/FatFs/src/ff_gen_drv.c.obj
                0x20004b64                disk
 .bss.retUSER   0x20004b70        0x1 CMakeFiles/Flow_Control_System.dir/FATFS/App/fatfs.c.obj
                0x20004b70                retUSER
 *fill*         0x20004b71        0x3 
 .bss.USERPath  0x20004b74        0x4 CMakeFiles/Flow_Control_System.dir/FATFS/App/fatfs.c.obj
                0x20004b74                USERPath
 .bss.USERFatFS
                0x20004b78     0x1038 CMakeFiles/Flow_Control_System.dir/FATFS/App/fatfs.c.obj
                0x20004b78                USERFatFS
 .bss.defaultTaskHandle
                0x20005bb0        0x4 CMakeFiles/Flow_Control_System.dir/Core/Src/freertos.c.obj
                0x20005bb0                defaultTaskHandle
 .bss.hadc1     0x20005bb4       0x48 CMakeFiles/Flow_Control_System.dir/Core/Src/adc.c.obj
                0x20005bb4                hadc1
 .bss.hspi1     0x20005bfc       0x58 CMakeFiles/Flow_Control_System.dir/Core/Src/spi.c.obj
                0x20005bfc                hspi1
 .bss.hspi2     0x20005c54       0x58 CMakeFiles/Flow_Control_System.dir/Core/Src/spi.c.obj
                0x20005c54                hspi2
 .bss.hdma_spi2_tx
                0x20005cac       0x60 CMakeFiles/Flow_Control_System.dir/Core/Src/spi.c.obj
                0x20005cac                hdma_spi2_tx
 .bss.htim1     0x20005d0c       0x48 CMakeFiles/Flow_Control_System.dir/Core/Src/tim.c.obj
                0x20005d0c                htim1
 .bss.huart1    0x20005d54       0x48 CMakeFiles/Flow_Control_System.dir/Core/Src/usart.c.obj
                0x20005d54                huart1
 .bss.htim2     0x20005d9c       0x48 CMakeFiles/Flow_Control_System.dir/Core/Src/stm32f4xx_hal_timebase_tim.c.obj
                0x20005d9c                htim2
 .bss.__sbrk_heap_end
                0x20005de4        0x4 CMakeFiles/Flow_Control_System.dir/Core/Src/sysmem.c.obj
 .bss.spi2_tx_complete
                0x20005de8        0x1 CMakeFiles/Flow_Control_System.dir/Hardware_Drivers/src/ips_160.c.obj
                0x20005de8                spi2_tx_complete
 *fill*         0x20005de9        0x1 
 .bss.w25qxx_Flash_Type
                0x20005dea        0x2 CMakeFiles/Flow_Control_System.dir/Hardware_Drivers/src/w25qxx_flash.c.obj
                0x20005dea                w25qxx_Flash_Type
 .bss.w25qxx_Flash_Size
                0x20005dec        0x4 CMakeFiles/Flow_Control_System.dir/Hardware_Drivers/src/w25qxx_flash.c.obj
                0x20005dec                w25qxx_Flash_Size
 .bss.w25qxx_Flash_UID
                0x20005df0        0x8 CMakeFiles/Flow_Control_System.dir/Hardware_Drivers/src/w25qxx_flash.c.obj
                0x20005df0                w25qxx_Flash_UID
 .bss.W25QXX_BUFFER
                0x20005df8     0x1000 CMakeFiles/Flow_Control_System.dir/Hardware_Drivers/src/w25qxx_flash.c.obj
                0x20005df8                W25QXX_BUFFER
 *(COMMON)
                0x20006df8                        . = ALIGN (0x4)
                0x20006df8                        _ebss = .
                0x20006df8                        __bss_end__ = _ebss

._user_heap_stack
                0x20006df8     0x1400 load address 0x0800951c
                0x20006df8                        . = ALIGN (0x8)
                [!provide]                        PROVIDE (end = .)
                0x20006df8                        PROVIDE (_end = .)
                0x200071f8                        . = (. + _Min_Heap_Size)
 *fill*         0x20006df8      0x400 
                0x200081f8                        . = (. + _Min_Stack_Size)
 *fill*         0x200071f8     0x1000 
                0x200081f8                        . = ALIGN (0x8)

/DISCARD/
 libc.a(*)
 libm.a(*)
 libgcc.a(*)
OUTPUT(Flow_Control_System.elf elf32-littlearm)
LOAD linker stubs
LOAD D:/ARMGNU~1/14EFD8~1.2RE/bin/../lib/gcc/arm-none-eabi/14.2.1/thumb/v7e-m+fp/hard\libc.a
LOAD D:/ARMGNU~1/14EFD8~1.2RE/bin/../lib/gcc/arm-none-eabi/14.2.1/thumb/v7e-m+fp/hard\libm.a
LOAD D:/ARMGNU~1/14EFD8~1.2RE/bin/../lib/gcc/arm-none-eabi/14.2.1/thumb/v7e-m+fp/hard\libgcc.a

.ARM.attributes
                0x00000000       0x30
 .ARM.attributes
                0x00000000       0x22 D:/ARMGNU~1/14EFD8~1.2RE/bin/../lib/gcc/arm-none-eabi/14.2.1/thumb/v7e-m+fp/hard/crti.o
 .ARM.attributes
                0x00000022       0x34 D:/ARMGNU~1/14EFD8~1.2RE/bin/../lib/gcc/arm-none-eabi/14.2.1/thumb/v7e-m+fp/hard/crtbegin.o
 .ARM.attributes
                0x00000056       0x34 D:/ARMGNU~1/14EFD8~1.2RE/bin/../lib/gcc/arm-none-eabi/14.2.1/thumb/v7e-m+fp/hard\libc_nano.a(libc_a-findfp.o)
 .ARM.attributes
                0x0000008a       0x34 D:/ARMGNU~1/14EFD8~1.2RE/bin/../lib/gcc/arm-none-eabi/14.2.1/thumb/v7e-m+fp/hard\libc_nano.a(libc_a-memset.o)
 .ARM.attributes
                0x000000be       0x34 D:/ARMGNU~1/14EFD8~1.2RE/bin/../lib/gcc/arm-none-eabi/14.2.1/thumb/v7e-m+fp/hard\libc_nano.a(libc_a-reent.o)
 .ARM.attributes
                0x000000f2       0x34 D:/ARMGNU~1/14EFD8~1.2RE/bin/../lib/gcc/arm-none-eabi/14.2.1/thumb/v7e-m+fp/hard\libc_nano.a(libc_a-impure.o)
 .ARM.attributes
                0x00000126       0x34 D:/ARMGNU~1/14EFD8~1.2RE/bin/../lib/gcc/arm-none-eabi/14.2.1/thumb/v7e-m+fp/hard\libc_nano.a(libc_a-init.o)
 .ARM.attributes
                0x0000015a       0x34 D:/ARMGNU~1/14EFD8~1.2RE/bin/../lib/gcc/arm-none-eabi/14.2.1/thumb/v7e-m+fp/hard\libc_nano.a(libc_a-lock.o)
 .ARM.attributes
                0x0000018e       0x34 D:/ARMGNU~1/14EFD8~1.2RE/bin/../lib/gcc/arm-none-eabi/14.2.1/thumb/v7e-m+fp/hard\libc_nano.a(libc_a-freer.o)
 .ARM.attributes
                0x000001c2       0x34 D:/ARMGNU~1/14EFD8~1.2RE/bin/../lib/gcc/arm-none-eabi/14.2.1/thumb/v7e-m+fp/hard\libc_nano.a(libc_a-mallocr.o)
 .ARM.attributes
                0x000001f6       0x34 D:/ARMGNU~1/14EFD8~1.2RE/bin/../lib/gcc/arm-none-eabi/14.2.1/thumb/v7e-m+fp/hard\libc_nano.a(libc_a-mlock.o)
 .ARM.attributes
                0x0000022a       0x34 D:/ARMGNU~1/14EFD8~1.2RE/bin/../lib/gcc/arm-none-eabi/14.2.1/thumb/v7e-m+fp/hard\libc_nano.a(libc_a-sbrkr.o)
 .ARM.attributes
                0x0000025e       0x34 cmake/stm32cubemx/CMakeFiles/STM32_Drivers.dir/__/__/Core/Src/system_stm32f4xx.c.obj
 .ARM.attributes
                0x00000292       0x34 cmake/stm32cubemx/CMakeFiles/STM32_Drivers.dir/__/__/Drivers/STM32F4xx_HAL_Driver/Src/stm32f4xx_hal_tim.c.obj
 .ARM.attributes
                0x000002c6       0x34 cmake/stm32cubemx/CMakeFiles/STM32_Drivers.dir/__/__/Drivers/STM32F4xx_HAL_Driver/Src/stm32f4xx_hal_tim_ex.c.obj
 .ARM.attributes
                0x000002fa       0x34 cmake/stm32cubemx/CMakeFiles/STM32_Drivers.dir/__/__/Drivers/STM32F4xx_HAL_Driver/Src/stm32f4xx_hal_adc.c.obj
 .ARM.attributes
                0x0000032e       0x34 cmake/stm32cubemx/CMakeFiles/STM32_Drivers.dir/__/__/Drivers/STM32F4xx_HAL_Driver/Src/stm32f4xx_hal_rcc.c.obj
 .ARM.attributes
                0x00000362       0x34 cmake/stm32cubemx/CMakeFiles/STM32_Drivers.dir/__/__/Drivers/STM32F4xx_HAL_Driver/Src/stm32f4xx_hal_gpio.c.obj
 .ARM.attributes
                0x00000396       0x34 cmake/stm32cubemx/CMakeFiles/STM32_Drivers.dir/__/__/Drivers/STM32F4xx_HAL_Driver/Src/stm32f4xx_hal_dma.c.obj
 .ARM.attributes
                0x000003ca       0x34 cmake/stm32cubemx/CMakeFiles/STM32_Drivers.dir/__/__/Drivers/STM32F4xx_HAL_Driver/Src/stm32f4xx_hal_cortex.c.obj
 .ARM.attributes
                0x000003fe       0x34 cmake/stm32cubemx/CMakeFiles/STM32_Drivers.dir/__/__/Drivers/STM32F4xx_HAL_Driver/Src/stm32f4xx_hal.c.obj
 .ARM.attributes
                0x00000432       0x34 cmake/stm32cubemx/CMakeFiles/STM32_Drivers.dir/__/__/Drivers/STM32F4xx_HAL_Driver/Src/stm32f4xx_hal_spi.c.obj
 .ARM.attributes
                0x00000466       0x34 cmake/stm32cubemx/CMakeFiles/STM32_Drivers.dir/__/__/Drivers/STM32F4xx_HAL_Driver/Src/stm32f4xx_hal_uart.c.obj
 .ARM.attributes
                0x0000049a       0x34 cmake/stm32cubemx/CMakeFiles/FreeRTOS.dir/__/__/Middlewares/Third_Party/FreeRTOS/Source/list.c.obj
 .ARM.attributes
                0x000004ce       0x34 cmake/stm32cubemx/CMakeFiles/FreeRTOS.dir/__/__/Middlewares/Third_Party/FreeRTOS/Source/queue.c.obj
 .ARM.attributes
                0x00000502       0x34 cmake/stm32cubemx/CMakeFiles/FreeRTOS.dir/__/__/Middlewares/Third_Party/FreeRTOS/Source/tasks.c.obj
 .ARM.attributes
                0x00000536       0x34 cmake/stm32cubemx/CMakeFiles/FreeRTOS.dir/__/__/Middlewares/Third_Party/FreeRTOS/Source/timers.c.obj
 .ARM.attributes
                0x0000056a       0x34 cmake/stm32cubemx/CMakeFiles/FreeRTOS.dir/__/__/Middlewares/Third_Party/FreeRTOS/Source/CMSIS_RTOS_V2/cmsis_os2.c.obj
 .ARM.attributes
                0x0000059e       0x34 cmake/stm32cubemx/CMakeFiles/FreeRTOS.dir/__/__/Middlewares/Third_Party/FreeRTOS/Source/portable/MemMang/heap_4.c.obj
 .ARM.attributes
                0x000005d2       0x34 cmake/stm32cubemx/CMakeFiles/FreeRTOS.dir/__/__/Middlewares/Third_Party/FreeRTOS/Source/portable/GCC/ARM_CM4F/port.c.obj
 .ARM.attributes
                0x00000606       0x34 cmake/stm32cubemx/CMakeFiles/FatFs.dir/__/__/Middlewares/Third_Party/FatFs/src/diskio.c.obj
 .ARM.attributes
                0x0000063a       0x34 cmake/stm32cubemx/CMakeFiles/FatFs.dir/__/__/Middlewares/Third_Party/FatFs/src/ff.c.obj
 .ARM.attributes
                0x0000066e       0x34 cmake/stm32cubemx/CMakeFiles/FatFs.dir/__/__/Middlewares/Third_Party/FatFs/src/ff_gen_drv.c.obj
 .ARM.attributes
                0x000006a2       0x34 CMakeFiles/Flow_Control_System.dir/FATFS/App/fatfs.c.obj
 .ARM.attributes
                0x000006d6       0x34 CMakeFiles/Flow_Control_System.dir/FATFS/Target/user_diskio.c.obj
 .ARM.attributes
                0x0000070a       0x34 CMakeFiles/Flow_Control_System.dir/Core/Src/main.c.obj
 .ARM.attributes
                0x0000073e       0x34 CMakeFiles/Flow_Control_System.dir/Core/Src/freertos.c.obj
 .ARM.attributes
                0x00000772       0x34 CMakeFiles/Flow_Control_System.dir/Core/Src/adc.c.obj
 .ARM.attributes
                0x000007a6       0x34 CMakeFiles/Flow_Control_System.dir/Core/Src/spi.c.obj
 .ARM.attributes
                0x000007da       0x34 CMakeFiles/Flow_Control_System.dir/Core/Src/tim.c.obj
 .ARM.attributes
                0x0000080e       0x34 CMakeFiles/Flow_Control_System.dir/Core/Src/usart.c.obj
 .ARM.attributes
                0x00000842       0x34 CMakeFiles/Flow_Control_System.dir/Core/Src/stm32f4xx_it.c.obj
 .ARM.attributes
                0x00000876       0x34 CMakeFiles/Flow_Control_System.dir/Core/Src/stm32f4xx_hal_msp.c.obj
 .ARM.attributes
                0x000008aa       0x34 CMakeFiles/Flow_Control_System.dir/Core/Src/stm32f4xx_hal_timebase_tim.c.obj
 .ARM.attributes
                0x000008de       0x34 CMakeFiles/Flow_Control_System.dir/Core/Src/sysmem.c.obj
 .ARM.attributes
                0x00000912       0x21 CMakeFiles/Flow_Control_System.dir/startup_stm32f411xe.s.obj
 .ARM.attributes
                0x00000933       0x34 CMakeFiles/Flow_Control_System.dir/Hardware_Drivers/src/ips_160.c.obj
 .ARM.attributes
                0x00000967       0x34 CMakeFiles/Flow_Control_System.dir/Hardware_Drivers/src/peripheral_init.c.obj
 .ARM.attributes
                0x0000099b       0x34 CMakeFiles/Flow_Control_System.dir/Hardware_Drivers/src/w25qxx_flash.c.obj
 .ARM.attributes
                0x000009cf       0x34 CMakeFiles/Flow_Control_System.dir/zf_libraries/src/font.c.obj
 .ARM.attributes
                0x00000a03       0x34 CMakeFiles/Flow_Control_System.dir/zf_libraries/src/zf_common_function.c.obj
 .ARM.attributes
                0x00000a37       0x22 D:/ARMGNU~1/14EFD8~1.2RE/bin/../lib/gcc/arm-none-eabi/14.2.1/thumb/v7e-m+fp/hard\libgcc.a(_aeabi_uldivmod.o)
 .ARM.attributes
                0x00000a59       0x34 D:/ARMGNU~1/14EFD8~1.2RE/bin/../lib/gcc/arm-none-eabi/14.2.1/thumb/v7e-m+fp/hard\libgcc.a(_udivmoddi4.o)
 .ARM.attributes
                0x00000a8d       0x22 D:/ARMGNU~1/14EFD8~1.2RE/bin/../lib/gcc/arm-none-eabi/14.2.1/thumb/v7e-m+fp/hard\libgcc.a(_dvmd_tls.o)
 .ARM.attributes
                0x00000aaf       0x34 D:/ARMGNU~1/14EFD8~1.2RE/bin/../lib/gcc/arm-none-eabi/14.2.1/thumb/v7e-m+fp/hard\libg_nano.a(libc_a-malloc.o)
 .ARM.attributes
                0x00000ae3       0x34 D:/ARMGNU~1/14EFD8~1.2RE/bin/../lib/gcc/arm-none-eabi/14.2.1/thumb/v7e-m+fp/hard\libg_nano.a(libc_a-errno.o)
 .ARM.attributes
                0x00000b17       0x34 D:/ARMGNU~1/14EFD8~1.2RE/bin/../lib/gcc/arm-none-eabi/14.2.1/thumb/v7e-m+fp/hard\libg_nano.a(libc_a-memcpy-stub.o)
 .ARM.attributes
                0x00000b4b       0x34 D:/ARMGNU~1/14EFD8~1.2RE/bin/../lib/gcc/arm-none-eabi/14.2.1/thumb/v7e-m+fp/hard/crtend.o
 .ARM.attributes
                0x00000b7f       0x22 D:/ARMGNU~1/14EFD8~1.2RE/bin/../lib/gcc/arm-none-eabi/14.2.1/thumb/v7e-m+fp/hard/crtn.o

.comment        0x00000000       0x45
 .comment       0x00000000       0x45 cmake/stm32cubemx/CMakeFiles/STM32_Drivers.dir/__/__/Core/Src/system_stm32f4xx.c.obj
                                 0x46 (size before relaxing)
 .comment       0x00000045       0x46 cmake/stm32cubemx/CMakeFiles/STM32_Drivers.dir/__/__/Drivers/STM32F4xx_HAL_Driver/Src/stm32f4xx_hal_tim.c.obj
 .comment       0x00000045       0x46 cmake/stm32cubemx/CMakeFiles/STM32_Drivers.dir/__/__/Drivers/STM32F4xx_HAL_Driver/Src/stm32f4xx_hal_tim_ex.c.obj
 .comment       0x00000045       0x46 cmake/stm32cubemx/CMakeFiles/STM32_Drivers.dir/__/__/Drivers/STM32F4xx_HAL_Driver/Src/stm32f4xx_hal_adc.c.obj
 .comment       0x00000045       0x46 cmake/stm32cubemx/CMakeFiles/STM32_Drivers.dir/__/__/Drivers/STM32F4xx_HAL_Driver/Src/stm32f4xx_hal_rcc.c.obj
 .comment       0x00000045       0x46 cmake/stm32cubemx/CMakeFiles/STM32_Drivers.dir/__/__/Drivers/STM32F4xx_HAL_Driver/Src/stm32f4xx_hal_gpio.c.obj
 .comment       0x00000045       0x46 cmake/stm32cubemx/CMakeFiles/STM32_Drivers.dir/__/__/Drivers/STM32F4xx_HAL_Driver/Src/stm32f4xx_hal_dma.c.obj
 .comment       0x00000045       0x46 cmake/stm32cubemx/CMakeFiles/STM32_Drivers.dir/__/__/Drivers/STM32F4xx_HAL_Driver/Src/stm32f4xx_hal_cortex.c.obj
 .comment       0x00000045       0x46 cmake/stm32cubemx/CMakeFiles/STM32_Drivers.dir/__/__/Drivers/STM32F4xx_HAL_Driver/Src/stm32f4xx_hal.c.obj
 .comment       0x00000045       0x46 cmake/stm32cubemx/CMakeFiles/STM32_Drivers.dir/__/__/Drivers/STM32F4xx_HAL_Driver/Src/stm32f4xx_hal_spi.c.obj
 .comment       0x00000045       0x46 cmake/stm32cubemx/CMakeFiles/STM32_Drivers.dir/__/__/Drivers/STM32F4xx_HAL_Driver/Src/stm32f4xx_hal_uart.c.obj
 .comment       0x00000045       0x46 cmake/stm32cubemx/CMakeFiles/FreeRTOS.dir/__/__/Middlewares/Third_Party/FreeRTOS/Source/list.c.obj
 .comment       0x00000045       0x46 cmake/stm32cubemx/CMakeFiles/FreeRTOS.dir/__/__/Middlewares/Third_Party/FreeRTOS/Source/queue.c.obj
 .comment       0x00000045       0x46 cmake/stm32cubemx/CMakeFiles/FreeRTOS.dir/__/__/Middlewares/Third_Party/FreeRTOS/Source/tasks.c.obj
 .comment       0x00000045       0x46 cmake/stm32cubemx/CMakeFiles/FreeRTOS.dir/__/__/Middlewares/Third_Party/FreeRTOS/Source/timers.c.obj
 .comment       0x00000045       0x46 cmake/stm32cubemx/CMakeFiles/FreeRTOS.dir/__/__/Middlewares/Third_Party/FreeRTOS/Source/CMSIS_RTOS_V2/cmsis_os2.c.obj